Microchip MPLAB XC8 Compiler V1.43 ()

Linker command line:

-W-3 --edf=C:\Program Files (x86)\Microchip\xc8\v1.43\dat\en_msgs.txt -cs \
  -h+dist/default/production\Voltage_Reg_Controller.X.production.sym \
  --cmf=dist/default/production\Voltage_Reg_Controller.X.production.cmf -z \
  -Q18F258 -oC:\Users\Federico\AppData\Local\Temp\sdac.2 \
  -Mdist/default/production/Voltage_Reg_Controller.X.production.map -E1 \
  -ver=XC8 -ASTACK=01DEh-05ffh -pstack=STACK -ACODE=00h-03FFFhx2 \
  -ACONST=00h-07FFFh -ASMALLCONST=0600h-06FFhx122 \
  -AMEDIUMCONST=0600h-07FFFh -ACOMRAM=01h-05Fh -AABS1=00h-05FFh \
  -ABIGRAM=01h-05FFh -ARAM=060h-0FFh,0100h-01FFhx5 -ABANK0=060h-0FFh \
  -ABANK1=0100h-01FFh -ABANK2=0200h-02FFh -ABANK3=0300h-03FFh \
  -ABANK4=0400h-04FFh -ABANK5=0500h-05FFh -ASFR=0F00h-0F5Fh,0F60h-0FFFh \
  -preset_vec=00h,intcode=08h,intcodelo,powerup,init -pramtop=0600h \
  -psmallconst=SMALLCONST -pmediumconst=MEDIUMCONST -pconst=CONST \
  -AFARRAM=00h-00h -ACONFIG=0300000h-030000Dh -pconfig=CONFIG \
  -AIDLOC=0200000h-0200007h -pidloc=IDLOC -AEEDATA=0F00000h-0F000FFh \
  -peeprom_data=EEDATA \
  -prdata=COMRAM,nvrram=COMRAM,nvbit=COMRAM,rbss=COMRAM,rbit=COMRAM \
  -pfarbss=FARRAM,fardata=FARRAM,nvFARRAM=FARRAM \
  -pintsave_regs=BIGRAM,bigbss=BIGRAM,bigdata=BIGRAM -pbss=RAM \
  -pidata=CODE,irdata=CODE,ibigdata=CODE,ifardata=CODE -prparam=COMRAM \
  C:\Users\Federico\AppData\Local\Temp\sdac.obj \
  dist/default/production\Voltage_Reg_Controller.X.production.obj 

Object code version is 3.11

Machine type is 18F258

Call graph: (short form)




                Name                               Link     Load   Length Selector   Space Scale
C:\Users\Federico\AppData\Local\Temp\sdac.obj
                text                               4D24     4D24        2     2692       0
                init                                1B2      1B2        4        4       0
                reset_vec                             0        0        6        0       0
                idloc                            200000   200000        8   200000       0
                config                           300000   300000        E   300000       0
dist/default/production\Voltage_Reg_Controller.X.production.obj
                intcode                               8        8      1AA        4       0
                temp                                 47       47        1        1       1
                mediumconst                        7D22     7D22      2DE     3E91       0
                text158                            4D3C     4D3C       12     269E       0
                text157                            4D4E     4D4E       12     26A7       0
                text156                            4D60     4D60       12     26B0       0
                text155                            699A     699A       C4     34CD       0
                text154                            33A0     33A0      278        4       0
                text153                            7760     7760      146     3BB0       0
                text152                            526E     526E       28     2937       0
                text151                            72A4     72A4      126     3952       0
                text150                            78A6     78A6      15C     3C53       0
                text149                            52BE     52BE       2A     295F       0
                text148                            3D0A     3D0A      1D8        4       0
                text147                            63EC     63EC       9C     31F6       0
                text146                            4D72     4D72       12     26B9       0
                text145                            6A5E     6A5E       D2     352F       0
                text144                            4D84     4D84       12     26C2       0
                text143                            4D26     4D26        8     2693       0
                text142                            51B8     51B8       24     28DC       0
                text141                            5196     5196       22     28CB       0
                text140                            506A     506A       1A     2835       0
                text139                            5084     5084       1A     2842       0
                text138                            5042     5042       14     2821       0
                text137                            533C     533C       2C     299E       0
                text136                            5794     5794       4A     2BCA       0
                text135                            6122     6122       86     3091       0
                text134                            4D96     4D96       12     26CB       0
                text133                            4DA8     4DA8       12     26D4       0
                text132                            58C6     58C6       52     2C63       0
                text131                            762C     762C      134     3B16       0
                text130                            6232     6232       90     3119       0
                text129                            5D3A     5D3A       74     2E9D       0
                text128                            5B2E     5B2E       64     2D97       0
                text127                            719C     719C      108     38CE       0
                text126                            3EE2     3EE2      112        4       0
                text125                            6354     6354       98     31AA       0
                text124                            601A     601A       84     300D       0
                text123                            52E8     52E8       2A     2974       0
                text122                            311E     311E      282        4       0
                text121                            51DC     51DC       24     28EE       0
                text120                            4DBA     4DBA       12     26DD       0
                text119                            2036     2036      462        4       0
                text118                             1B6      1B6      F30        4       0
                text117                            5F1A     5F1A       80     2F8D       0
                text116                            3886     3886      256        4       0
                text115                            4DCC     4DCC       12     26E6       0
                text114                            5056     5056       14     282B       0
                text113                            5424     5424       34     2A12       0
                text112                            4DDE     4DDE       12     26EF       0
                text111                            4DF0     4DF0       12     26F8       0
                text110                            4E02     4E02       12     2701       0
                text109                            5200     5200       24     2900       0
                text108                            4E14     4E14       12     270A       0
                text107                            4E26     4E26       12     2713       0
                text106                            4E38     4E38       12     271C       0
                text105                            4E4A     4E4A       12     2725       0
                text104                            4E5C     4E5C       12     272E       0
                text103                            4E6E     4E6E       12     2737       0
                text102                            4E80     4E80       12     2740       0
                text101                            4E92     4E92       12     2749       0
                text100                            4EA4     4EA4       12     2752       0
                text99                             4EB6     4EB6       12     275B       0
                text98                             4EC8     4EC8       12     2764       0
                text97                             4EDA     4EDA       12     276D       0
                text96                             73CA     73CA      130     39E5       0
                text95                             596C     596C       56     2CB6       0
                text94                             5578     5578       40     2ABC       0
                text93                             652A     652A       BC     3295       0
                text92                             65E6     65E6       BC     32F3       0
                text91                             66A2     66A2       BC     3351       0
                text90                             675E     675E       BC     33AF       0
                text89                             5296     5296       28     294B       0
                text88                             16EE     16EE      4A8        4       0
                text87                             5458     5458       36     2A2C       0
                text86                             3FF4     3FF4        C        4       0
                text85                             54C4     54C4       3C     2A62       0
                text84                             509E     509E       1A     284F       0
                text83                             4D2E     4D2E        E     2697       0
                text82                             609E     609E       84     304F       0
                text81                             53F2     53F2       32     29F9       0
                text80                             5BF6     5BF6       68     2DFB       0
                text79                             5368     5368       2E     29B4       0
                text78                             5224     5224       24     2912       0
                text77                             5678     5678       44     2B3C       0
                text76                             5500     5500       3C     2A80       0
                text75                             553C     553C       3C     2A9E       0
                text74                             56BC     56BC       48     2B5E       0
                text73                             5DAE     5DAE       76     2ED7       0
                text72                             3618     3618      26E        4       0
                text71                             5AD0     5AD0       5E     2D68       0
                text70                             6C0C     6C0C       E0     3606       0
                text69                             681A     681A       C0     340D       0
                text68                             5876     5876       50     2C3B       0
                text67                             5C5E     5C5E       6C     2E2F       0
                text66                             3ADC     3ADC      22E        4       0
                text65                             62C2     62C2       92     3161       0
                text64                             5248     5248       26     2924       0
                text63                             5828     5828       4E     2C14       0
                text62                             4EEC     4EEC       12     2776       0
                text61                             4EFE     4EFE       12     277F       0
                text60                             4F10     4F10       12     2788       0
                text59                             4F22     4F22       12     2791       0
                text58                             4F34     4F34       12     279A       0
                text57                             4F46     4F46       12     27A3       0
                text56                             4F58     4F58       12     27AC       0
                text55                             4F6A     4F6A       12     27B5       0
                text54                             4F7C     4F7C       12     27BE       0
                text53                             4F8E     4F8E       12     27C7       0
                text52                             4FA0     4FA0       12     27D0       0
                text51                             4FB2     4FB2       12     27D9       0
                text50                             4FC4     4FC4       12     27E2       0
                text49                             4FD6     4FD6       12     27EB       0
                text48                             4FE8     4FE8       12     27F4       0
                text47                             4FFA     4FFA       12     27FD       0
                text46                             5396     5396       2E     29CB       0
                text45                             548E     548E       36     2A47       0
                text44                             74FA     74FA      132     3A7D       0
                text43                             5F9A     5F9A       80     2FCD       0
                text42                             53C4     53C4       2E     29E2       0
                text41                             1B96     1B96      4A0        4       0
                text40                             5312     5312       2A     2989       0
                text39                             5918     5918       54     2C8C       0
                text38                             2E9C     2E9C      282        4       0
                text37                             500C     500C       12     2806       0
                text36                             59C2     59C2       5A     2CE1       0
                text35                             50D2     50D2       1C     2869       0
                text34                             50EE     50EE       1C     2877       0
                text33                             510A     510A       1C     2885       0
                text32                             50B8     50B8       1A     285C       0
                text31                             6FAA     6FAA       F6     37D5       0
                text30                             5126     5126       1C     2893       0
                text29                             5142     5142       1C     28A1       0
                text28                             5B92     5B92       64     2DC9       0
                text27                             5E24     5E24       7A     2F12       0
                text26                             55B8     55B8       40     2ADC       0
                text25                             6CEC     6CEC       E0     3676       0
                text24                             6DCC     6DCC       EA     36E6       0
                text23                             2C14     2C14      288        4       0
                text22                             6B30     6B30       DC     3598       0
                text21                             10E6     10E6      608        4       0
                text20                             55F8     55F8       40     2AFC       0
                text19                             5638     5638       40     2B1C       0
                text18                             70A0     70A0       FC     3850       0
                text17                             5E9E     5E9E       7C     2F4F       0
                text16                             501E     501E       12     280F       0
                text15                             5030     5030       12     2818       0
                text14                             61A8     61A8       8A     30D4       0
                text13                             6488     6488       A2     3244       0
                text12                             5CCA     5CCA       70     2E65       0
                text11                             515E     515E       1C     28AF       0
                text10                             5704     5704       48     2B82       0
                text9                              5A1C     5A1C       5A     2D0E       0
                text8                              5A76     5A76       5A     2D3B       0
                text7                              68DA     68DA       C0     346D       0
                text6                              7A02     7A02      178     3D01       0
                text5                              517A     517A       1C     28BD       0
                text4                              6EB6     6EB6       F4     375B       0
                text3                              28EE     28EE      326        4       0
                text2                              7B7A     7B7A      1A8     3DBD       0
                text1                              574C     574C       48     2BA6       0
                text0                              2498     2498      456        4       0
                cstackCOMRAM                          1        1       2F        1       1
                cstackBANK0                          60       60       8D       60       1
                cstackBANK1                         1BB      1BB       23      100       1
                bssBANK1                            100      100       BB      100       1
                dataBANK0                            FC       FC        2       60       1
                bssBANK0                             ED       ED        F       60       1
                bssCOMRAM                            30       30       17        1       1
                cinit                              57DE     57DE       4A     2BEF       0
                idataBANK0                            6        6        2        0       0

TOTAL           Name                               Link     Load   Length     Space
        CLASS   STACK          

        CLASS   CODE           
                intcode                               8        8      1AA         0
                text                               4D24     4D24        2         0
                init                                1B2      1B2        4         0
                reset_vec                             0        0        6         0
                text158                            4D3C     4D3C       12         0
                text157                            4D4E     4D4E       12         0
                text156                            4D60     4D60       12         0
                text155                            699A     699A       C4         0
                text154                            33A0     33A0      278         0
                text153                            7760     7760      146         0
                text152                            526E     526E       28         0
                text151                            72A4     72A4      126         0
                text150                            78A6     78A6      15C         0
                text149                            52BE     52BE       2A         0
                text148                            3D0A     3D0A      1D8         0
                text147                            63EC     63EC       9C         0
                text146                            4D72     4D72       12         0
                text145                            6A5E     6A5E       D2         0
                text144                            4D84     4D84       12         0
                text143                            4D26     4D26        8         0
                text142                            51B8     51B8       24         0
                text141                            5196     5196       22         0
                text140                            506A     506A       1A         0
                text139                            5084     5084       1A         0
                text138                            5042     5042       14         0
                text137                            533C     533C       2C         0
                text136                            5794     5794       4A         0
                text135                            6122     6122       86         0
                text134                            4D96     4D96       12         0
                text133                            4DA8     4DA8       12         0
                text132                            58C6     58C6       52         0
                text131                            762C     762C      134         0
                text130                            6232     6232       90         0
                text129                            5D3A     5D3A       74         0
                text128                            5B2E     5B2E       64         0
                text127                            719C     719C      108         0
                text126                            3EE2     3EE2      112         0
                text125                            6354     6354       98         0
                text124                            601A     601A       84         0
                text123                            52E8     52E8       2A         0
                text122                            311E     311E      282         0
                text121                            51DC     51DC       24         0
                text120                            4DBA     4DBA       12         0
                text119                            2036     2036      462         0
                text118                             1B6      1B6      F30         0
                text117                            5F1A     5F1A       80         0
                text116                            3886     3886      256         0
                text115                            4DCC     4DCC       12         0
                text114                            5056     5056       14         0
                text113                            5424     5424       34         0
                text112                            4DDE     4DDE       12         0
                text111                            4DF0     4DF0       12         0
                text110                            4E02     4E02       12         0
                text109                            5200     5200       24         0
                text108                            4E14     4E14       12         0
                text107                            4E26     4E26       12         0
                text106                            4E38     4E38       12         0
                text105                            4E4A     4E4A       12         0
                text104                            4E5C     4E5C       12         0
                text103                            4E6E     4E6E       12         0
                text102                            4E80     4E80       12         0
                text101                            4E92     4E92       12         0
                text100                            4EA4     4EA4       12         0
                text99                             4EB6     4EB6       12         0
                text98                             4EC8     4EC8       12         0
                text97                             4EDA     4EDA       12         0
                text96                             73CA     73CA      130         0
                text95                             596C     596C       56         0
                text94                             5578     5578       40         0
                text93                             652A     652A       BC         0
                text92                             65E6     65E6       BC         0
                text91                             66A2     66A2       BC         0
                text90                             675E     675E       BC         0
                text89                             5296     5296       28         0
                text88                             16EE     16EE      4A8         0
                text87                             5458     5458       36         0
                text86                             3FF4     3FF4        C         0
                text85                             54C4     54C4       3C         0
                text84                             509E     509E       1A         0
                text83                             4D2E     4D2E        E         0
                text82                             609E     609E       84         0
                text81                             53F2     53F2       32         0
                text80                             5BF6     5BF6       68         0
                text79                             5368     5368       2E         0
                text78                             5224     5224       24         0
                text77                             5678     5678       44         0
                text76                             5500     5500       3C         0
                text75                             553C     553C       3C         0
                text74                             56BC     56BC       48         0
                text73                             5DAE     5DAE       76         0
                text72                             3618     3618      26E         0
                text71                             5AD0     5AD0       5E         0
                text70                             6C0C     6C0C       E0         0
                text69                             681A     681A       C0         0
                text68                             5876     5876       50         0
                text67                             5C5E     5C5E       6C         0
                text66                             3ADC     3ADC      22E         0
                text65                             62C2     62C2       92         0
                text64                             5248     5248       26         0
                text63                             5828     5828       4E         0
                text62                             4EEC     4EEC       12         0
                text61                             4EFE     4EFE       12         0
                text60                             4F10     4F10       12         0
                text59                             4F22     4F22       12         0
                text58                             4F34     4F34       12         0
                text57                             4F46     4F46       12         0
                text56                             4F58     4F58       12         0
                text55                             4F6A     4F6A       12         0
                text54                             4F7C     4F7C       12         0
                text53                             4F8E     4F8E       12         0
                text52                             4FA0     4FA0       12         0
                text51                             4FB2     4FB2       12         0
                text50                             4FC4     4FC4       12         0
                text49                             4FD6     4FD6       12         0
                text48                             4FE8     4FE8       12         0
                text47                             4FFA     4FFA       12         0
                text46                             5396     5396       2E         0
                text45                             548E     548E       36         0
                text44                             74FA     74FA      132         0
                text43                             5F9A     5F9A       80         0
                text42                             53C4     53C4       2E         0
                text41                             1B96     1B96      4A0         0
                text40                             5312     5312       2A         0
                text39                             5918     5918       54         0
                text38                             2E9C     2E9C      282         0
                text37                             500C     500C       12         0
                text36                             59C2     59C2       5A         0
                text35                             50D2     50D2       1C         0
                text34                             50EE     50EE       1C         0
                text33                             510A     510A       1C         0
                text32                             50B8     50B8       1A         0
                text31                             6FAA     6FAA       F6         0
                text30                             5126     5126       1C         0
                text29                             5142     5142       1C         0
                text28                             5B92     5B92       64         0
                text27                             5E24     5E24       7A         0
                text26                             55B8     55B8       40         0
                text25                             6CEC     6CEC       E0         0
                text24                             6DCC     6DCC       EA         0
                text23                             2C14     2C14      288         0
                text22                             6B30     6B30       DC         0
                text21                             10E6     10E6      608         0
                text20                             55F8     55F8       40         0
                text19                             5638     5638       40         0
                text18                             70A0     70A0       FC         0
                text17                             5E9E     5E9E       7C         0
                text16                             501E     501E       12         0
                text15                             5030     5030       12         0
                text14                             61A8     61A8       8A         0
                text13                             6488     6488       A2         0
                text12                             5CCA     5CCA       70         0
                text11                             515E     515E       1C         0
                text10                             5704     5704       48         0
                text9                              5A1C     5A1C       5A         0
                text8                              5A76     5A76       5A         0
                text7                              68DA     68DA       C0         0
                text6                              7A02     7A02      178         0
                text5                              517A     517A       1C         0
                text4                              6EB6     6EB6       F4         0
                text3                              28EE     28EE      326         0
                text2                              7B7A     7B7A      1A8         0
                text1                              574C     574C       48         0
                text0                              2498     2498      456         0
                cinit                              57DE     57DE       4A         0
                idataBANK0                            6        6        2         0

        CLASS   CONST          

        CLASS   SMALLCONST     

        CLASS   MEDIUMCONST    
                mediumconst                        7D22     7D22      2DE         0

        CLASS   COMRAM         
                temp                                 47       47        1         1
                cstackCOMRAM                          1        1       2F         1
                bssCOMRAM                            30       30       17         1

        CLASS   ABS1           

        CLASS   BIGRAM         

        CLASS   RAM            

        CLASS   BANK0          
                cstackBANK0                          60       60       8D         1
                dataBANK0                            FC       FC        2         1
                bssBANK0                             ED       ED        F         1

        CLASS   BANK1          
                cstackBANK1                         1BB      1BB       23         1
                bssBANK1                            100      100       BB         1

        CLASS   BANK2          

        CLASS   BANK3          

        CLASS   BANK4          

        CLASS   BANK5          

        CLASS   SFR            

        CLASS   FARRAM         

        CLASS   CONFIG         
                config                           300000   300000        E         0

        CLASS   IDLOC          
                idloc                            200000   200000        8         0

        CLASS   EEDATA         



SEGMENTS        Name                           Load    Length   Top    Selector   Space  Class

                reset_vec                      000000  000008  000008         0       0  CODE    
                cstackCOMRAM                   000001  000047  000048         1       1  COMRAM  
                intcode                        000008  003FF8  004000         4       0  CODE    
                cstackBANK0                    000060  00009E  0000FE        60       1  BANK0   
                bssBANK1                       000100  0000DE  0001DE       100       1  BANK1   
                text                           004D24  000002  004D26      2692       0  CODE    
                text143                        004D26  000008  004D2E      2693       0  CODE    
                text83                         004D2E  00000E  004D3C      2697       0  CODE    
                text158                        004D3C  000012  004D4E      269E       0  CODE    
                text157                        004D4E  000012  004D60      26A7       0  CODE    
                text156                        004D60  000012  004D72      26B0       0  CODE    
                text146                        004D72  000012  004D84      26B9       0  CODE    
                text144                        004D84  000012  004D96      26C2       0  CODE    
                text134                        004D96  000012  004DA8      26CB       0  CODE    
                text133                        004DA8  000012  004DBA      26D4       0  CODE    
                text120                        004DBA  000012  004DCC      26DD       0  CODE    
                text115                        004DCC  000012  004DDE      26E6       0  CODE    
                text112                        004DDE  000012  004DF0      26EF       0  CODE    
                text111                        004DF0  000012  004E02      26F8       0  CODE    
                text110                        004E02  000012  004E14      2701       0  CODE    
                text108                        004E14  000012  004E26      270A       0  CODE    
                text107                        004E26  000012  004E38      2713       0  CODE    
                text106                        004E38  000012  004E4A      271C       0  CODE    
                text105                        004E4A  000012  004E5C      2725       0  CODE    
                text104                        004E5C  000012  004E6E      272E       0  CODE    
                text103                        004E6E  000012  004E80      2737       0  CODE    
                text102                        004E80  000012  004E92      2740       0  CODE    
                text101                        004E92  000012  004EA4      2749       0  CODE    
                text100                        004EA4  000012  004EB6      2752       0  CODE    
                text99                         004EB6  000012  004EC8      275B       0  CODE    
                text98                         004EC8  000012  004EDA      2764       0  CODE    
                text97                         004EDA  000012  004EEC      276D       0  CODE    
                text62                         004EEC  000012  004EFE      2776       0  CODE    
                text61                         004EFE  000012  004F10      277F       0  CODE    
                text60                         004F10  000012  004F22      2788       0  CODE    
                text59                         004F22  000012  004F34      2791       0  CODE    
                text58                         004F34  000012  004F46      279A       0  CODE    
                text57                         004F46  000012  004F58      27A3       0  CODE    
                text56                         004F58  000012  004F6A      27AC       0  CODE    
                text55                         004F6A  000012  004F7C      27B5       0  CODE    
                text54                         004F7C  000012  004F8E      27BE       0  CODE    
                text53                         004F8E  000012  004FA0      27C7       0  CODE    
                text52                         004FA0  000012  004FB2      27D0       0  CODE    
                text51                         004FB2  000012  004FC4      27D9       0  CODE    
                text50                         004FC4  000012  004FD6      27E2       0  CODE    
                text49                         004FD6  000012  004FE8      27EB       0  CODE    
                text48                         004FE8  000012  004FFA      27F4       0  CODE    
                text47                         004FFA  000012  00500C      27FD       0  CODE    
                text37                         00500C  000012  00501E      2806       0  CODE    
                text16                         00501E  000012  005030      280F       0  CODE    
                text15                         005030  000012  005042      2818       0  CODE    
                text138                        005042  000014  005056      2821       0  CODE    
                text114                        005056  000014  00506A      282B       0  CODE    
                text140                        00506A  00001A  005084      2835       0  CODE    
                text139                        005084  00001A  00509E      2842       0  CODE    
                text84                         00509E  00001A  0050B8      284F       0  CODE    
                text32                         0050B8  00001A  0050D2      285C       0  CODE    
                text35                         0050D2  00001C  0050EE      2869       0  CODE    
                text34                         0050EE  00001C  00510A      2877       0  CODE    
                text33                         00510A  00001C  005126      2885       0  CODE    
                text30                         005126  00001C  005142      2893       0  CODE    
                text29                         005142  00001C  00515E      28A1       0  CODE    
                text11                         00515E  00001C  00517A      28AF       0  CODE    
                text5                          00517A  00001C  005196      28BD       0  CODE    
                text141                        005196  000022  0051B8      28CB       0  CODE    
                text142                        0051B8  000024  0051DC      28DC       0  CODE    
                text121                        0051DC  000024  005200      28EE       0  CODE    
                text109                        005200  000024  005224      2900       0  CODE    
                text78                         005224  000024  005248      2912       0  CODE    
                text64                         005248  000026  00526E      2924       0  CODE    
                text152                        00526E  000028  005296      2937       0  CODE    
                text89                         005296  000028  0052BE      294B       0  CODE    
                text149                        0052BE  00002A  0052E8      295F       0  CODE    
                text123                        0052E8  00002A  005312      2974       0  CODE    
                text40                         005312  00002A  00533C      2989       0  CODE    
                text137                        00533C  00002C  005368      299E       0  CODE    
                text79                         005368  00002E  005396      29B4       0  CODE    
                text46                         005396  00002E  0053C4      29CB       0  CODE    
                text42                         0053C4  00002E  0053F2      29E2       0  CODE    
                text81                         0053F2  000032  005424      29F9       0  CODE    
                text113                        005424  000034  005458      2A12       0  CODE    
                text87                         005458  000036  00548E      2A2C       0  CODE    
                text45                         00548E  000036  0054C4      2A47       0  CODE    
                text85                         0054C4  00003C  005500      2A62       0  CODE    
                text76                         005500  00003C  00553C      2A80       0  CODE    
                text75                         00553C  00003C  005578      2A9E       0  CODE    
                text94                         005578  000040  0055B8      2ABC       0  CODE    
                text26                         0055B8  000040  0055F8      2ADC       0  CODE    
                text20                         0055F8  000040  005638      2AFC       0  CODE    
                text19                         005638  000040  005678      2B1C       0  CODE    
                text77                         005678  000044  0056BC      2B3C       0  CODE    
                text74                         0056BC  000048  005704      2B5E       0  CODE    
                text10                         005704  000048  00574C      2B82       0  CODE    
                text1                          00574C  000048  005794      2BA6       0  CODE    
                text136                        005794  00004A  0057DE      2BCA       0  CODE    
                cinit                          0057DE  00004A  005828      2BEF       0  CODE    
                text63                         005828  00004E  005876      2C14       0  CODE    
                text68                         005876  000050  0058C6      2C3B       0  CODE    
                text132                        0058C6  000052  005918      2C63       0  CODE    
                text39                         005918  000054  00596C      2C8C       0  CODE    
                text95                         00596C  000056  0059C2      2CB6       0  CODE    
                text36                         0059C2  00005A  005A1C      2CE1       0  CODE    
                text9                          005A1C  00005A  005A76      2D0E       0  CODE    
                text8                          005A76  00005A  005AD0      2D3B       0  CODE    
                text71                         005AD0  00005E  005B2E      2D68       0  CODE    
                text128                        005B2E  000064  005B92      2D97       0  CODE    
                text28                         005B92  000064  005BF6      2DC9       0  CODE    
                text80                         005BF6  000068  005C5E      2DFB       0  CODE    
                text67                         005C5E  00006C  005CCA      2E2F       0  CODE    
                text12                         005CCA  000070  005D3A      2E65       0  CODE    
                text129                        005D3A  000074  005DAE      2E9D       0  CODE    
                text73                         005DAE  000076  005E24      2ED7       0  CODE    
                text27                         005E24  00007A  005E9E      2F12       0  CODE    
                text17                         005E9E  00007C  005F1A      2F4F       0  CODE    
                text117                        005F1A  000080  005F9A      2F8D       0  CODE    
                text43                         005F9A  000080  00601A      2FCD       0  CODE    
                text124                        00601A  000084  00609E      300D       0  CODE    
                text82                         00609E  000084  006122      304F       0  CODE    
                text135                        006122  000086  0061A8      3091       0  CODE    
                text14                         0061A8  00008A  006232      30D4       0  CODE    
                text130                        006232  000090  0062C2      3119       0  CODE    
                text65                         0062C2  000092  006354      3161       0  CODE    
                text125                        006354  000098  0063EC      31AA       0  CODE    
                text147                        0063EC  00009C  006488      31F6       0  CODE    
                text13                         006488  0000A2  00652A      3244       0  CODE    
                text93                         00652A  0000BC  0065E6      3295       0  CODE    
                text92                         0065E6  0000BC  0066A2      32F3       0  CODE    
                text91                         0066A2  0000BC  00675E      3351       0  CODE    
                text90                         00675E  0000BC  00681A      33AF       0  CODE    
                text69                         00681A  0000C0  0068DA      340D       0  CODE    
                text7                          0068DA  0000C0  00699A      346D       0  CODE    
                text155                        00699A  0000C4  006A5E      34CD       0  CODE    
                text145                        006A5E  0000D2  006B30      352F       0  CODE    
                text22                         006B30  0000DC  006C0C      3598       0  CODE    
                text70                         006C0C  0000E0  006CEC      3606       0  CODE    
                text25                         006CEC  0000E0  006DCC      3676       0  CODE    
                text24                         006DCC  0000EA  006EB6      36E6       0  CODE    
                text4                          006EB6  0000F4  006FAA      375B       0  CODE    
                text31                         006FAA  0000F6  0070A0      37D5       0  CODE    
                text18                         0070A0  0000FC  00719C      3850       0  CODE    
                text127                        00719C  000108  0072A4      38CE       0  CODE    
                text151                        0072A4  000126  0073CA      3952       0  CODE    
                text96                         0073CA  000130  0074FA      39E5       0  CODE    
                text44                         0074FA  000132  00762C      3A7D       0  CODE    
                text131                        00762C  000134  007760      3B16       0  CODE    
                text153                        007760  000146  0078A6      3BB0       0  CODE    
                text150                        0078A6  00015C  007A02      3C53       0  CODE    
                text6                          007A02  000178  007B7A      3D01       0  CODE    
                text2                          007B7A  0001A8  007D22      3DBD       0  CODE    
                mediumconst                    007D22  0002DE  008000      3E91       0  MEDIUMCO
                idloc                          200000  000008  200008    200000       0  IDLOC   
                config                         300000  00000E  30000E    300000       0  CONFIG  


UNUSED ADDRESS RANGES

        Name                Unused          Largest block    Delta
        BANK0            0000FE-0000FF                2
        BANK1            0001DE-0001FF               22
        BANK2            000200-0002FF              100
        BANK3            000300-0003FF              100
        BANK4            000400-0004FF              100
        BANK5            000500-0005FF              100
        BIGRAM           000048-00005F               18
                         0000FE-0000FF                2
                         0001DE-0005FF              422
        CODE             004000-004D23              D24
        COMRAM           000048-00005F               18
        CONST            004000-004D23              D24
        EEDATA           F00000-F000FF              100
        MEDIUMCONST      004000-004D23              D24
        RAM              0000FE-0000FF                2
                         0001DE-0005FF              100
        SFR              000F00-000FFF               60
        SMALLCONST       004000-004D23              100
        STACK            0001DE-0005FF              422

                                  Symbol Table

?_Get_Analog_Channel                                                           cstackCOMRAM 000019
?_Get_Control_Voltage                                                          cstackBANK0  000078
?_Get_Variables                                                                cstackCOMRAM 00001F
?_Get_Voltage_VL1                                                              cstackCOMRAM 000019
?_Get_Voltage_VL2                                                              cstackCOMRAM 000019
?_Get_Voltage_VL3                                                              cstackCOMRAM 000019
?_Get_Voltage_Vin                                                              cstackCOMRAM 000019
?_LowPass_VL1                                                                  cstackBANK0  000087
?_LowPass_VL2                                                                  cstackBANK0  000087
?_LowPass_VL3                                                                  cstackBANK0  000087
?_LowPass_Vin                                                                  cstackBANK0  000087
?_PID_Controller                                                               cstackBANK0  000087
?___aldiv                                                                      cstackCOMRAM 000019
?___almod                                                                      cstackCOMRAM 000019
?___altoft                                                                     cstackCOMRAM 000021
?___awdiv                                                                      cstackCOMRAM 00001F
?___awmod                                                                      cstackCOMRAM 000019
?___ftadd                                                                      cstackBANK0  000060
?___ftdiv                                                                      cstackBANK0  000069
?___ftmul                                                                      cstackBANK0  000078
?___ftneg                                                                      cstackCOMRAM 00001C
?___ftpack                                                                     cstackCOMRAM 000019
?___ftsub                                                                      cstackBANK0  000069
?___fttol                                                                      cstackBANK0  00008E
?___lbtoft                                                                     cstackCOMRAM 000021
?___lldiv                                                                      cstackCOMRAM 000019
?___llmod                                                                      cstackCOMRAM 000026
?___lltoft                                                                     cstackCOMRAM 000021
?___lmul                                                                       cstackCOMRAM 000019
?___lwdiv                                                                      cstackBANK0  000060
?___lwmod                                                                      cstackCOMRAM 000019
?___lwtoft                                                                     cstackCOMRAM 000021
?___wmul                                                                       cstackCOMRAM 000027
?__div_to_l_                                                                   cstackCOMRAM 000019
?__doprnt                                                                      cstackBANK0  00009D
?__tdiv_to_l_                                                                  cstackCOMRAM 000019
?_asctime                                                                      cstackBANK0  00006A
?_atof                                                                         cstackBANK0  000093
?_atoi                                                                         cstackCOMRAM 00002D
?_bcdTOint                                                                     cstackCOMRAM 00002D
?_ctime                                                                        cstackBANK0  000071
?_dylen                                                                        cstackCOMRAM 00001E
?_fround                                                                       cstackBANK0  000087
?_get_LP_RC_Constant                                                           cstackCOMRAM 000019
?_get_PID_Kp                                                                   cstackCOMRAM 000019
?_get_PID_T                                                                    cstackCOMRAM 000019
?_get_PID_Td                                                                   cstackCOMRAM 000019
?_get_PID_Ti                                                                   cstackCOMRAM 000019
?_get_PID_deadband                                                             cstackCOMRAM 000019
?_get_PID_output                                                               cstackCOMRAM 000019
?_get_PID_setpoint                                                             cstackCOMRAM 000019
?_get_VL1_span                                                                 cstackCOMRAM 000019
?_get_VL1_zero                                                                 cstackCOMRAM 000019
?_get_VL2_span                                                                 cstackCOMRAM 000019
?_get_VL2_zero                                                                 cstackCOMRAM 000019
?_get_VL3_span                                                                 cstackCOMRAM 000019
?_get_VL3_zero                                                                 cstackCOMRAM 000019
?_get_Vin_span                                                                 cstackCOMRAM 000019
?_get_Vin_zero                                                                 cstackCOMRAM 000019
?_get_max                                                                      cstackCOMRAM 000019
?_get_max_VL                                                                   cstackCOMRAM 000019
?_get_min                                                                      cstackCOMRAM 000019
?_get_min_VL                                                                   cstackCOMRAM 000019
?_gmtime                                                                       cstackCOMRAM 000027
?_intTObcd                                                                     cstackBANK0  000065
?_isleap                                                                       cstackCOMRAM 00001E
?_localtime                                                                    cstackBANK0  000060
?_mktime                                                                       cstackBANK0  00007E
?_months_to_days                                                               cstackBANK0  000064
?_printf                                                                       cstackBANK0  0000C4
?_scale                                                                        cstackBANK0  000087
?_sprintf                                                                      cstackBANK0  0000C4
?_strchr                                                                       cstackCOMRAM 000019
?_strcmp                                                                       cstackCOMRAM 000019
?_strcspn                                                                      cstackCOMRAM 00001D
?_strlen                                                                       cstackCOMRAM 000019
?_strspn                                                                       cstackCOMRAM 00001D
?_strtod                                                                       cstackBANK0  000087
?_strtok                                                                       cstackCOMRAM 000024
?_years_to_days                                                                cstackBANK0  000064
?_ymd_to_scalar                                                                cstackBANK0  00006E
AckI2C@IE_stat                                                                 cstackCOMRAM 000019
Check_VL_N@val                                                                 cstackCOMRAM 000028
Control_Loop@Control_Out                                                       cstackBANK0  000096
Control_Loop@voltage                                                           cstackBANK0  000093
Display_Data@buff_len                                                          cstackBANK1  0001CF
Display_Data@buffer                                                            cstackBANK1  0001BB
Get_Analog_Channel@ADC_data                                                    cstackCOMRAM 00001D
Get_Analog_Channel@channel                                                     cstackCOMRAM 00001C
Get_Control_Voltage@count                                                      cstackBANK0  00007C
Get_Control_Voltage@volt                                                       cstackBANK0  00007D
Get_Variables@data                                                             cstackBANK0  000060
Get_Voltage_Data@check                                                         cstackBANK0  000090
Get_Voltage_Data@v1                                                            cstackBANK0  000091
I2C_Send@command                                                               cstackCOMRAM 00001B
LCD_SetBackLight_Brightness@brightness                                         cstackCOMRAM 00001B
LCD_SetContrast@val                                                            cstackCOMRAM 00001B
LCD_SetCursor_Position@column                                                  cstackCOMRAM 00001B
LCD_SetCursor_Position@row                                                     cstackCOMRAM 00001C
LCD_WriteStr@Str                                                               cstackCOMRAM 00001B
LCD_WriteStr@Str_Size                                                          cstackCOMRAM 00001D
LCD_WriteStr@i                                                                 cstackCOMRAM 00001E
LCD_WriteStr@stat                                                              cstackCOMRAM 00001F
LowPass_VL1@Vout                                                               cstackBANK0  00008D
LowPass_VL1@val                                                                cstackBANK0  000087
LowPass_VL2@Vout                                                               cstackBANK0  00008D
LowPass_VL2@val                                                                cstackBANK0  000087
LowPass_VL3@Vout                                                               cstackBANK0  00008D
LowPass_VL3@val                                                                cstackBANK0  000087
LowPass_Vin@Vout                                                               cstackBANK0  00008D
LowPass_Vin@val                                                                cstackBANK0  000087
Not_AckI2C@IE_stat                                                             cstackCOMRAM 000019
OpenI2C@slew                                                                   cstackCOMRAM 000019
OpenI2C@sync_mode                                                              cstackCOMRAM 00001A
OpenUSART@config                                                               cstackCOMRAM 00001B
OpenUSART@spbrg                                                                cstackCOMRAM 000019
Open_Timer0@IE                                                                 cstackCOMRAM 000019
Open_Timer0@config                                                             cstackCOMRAM 00001C
Open_Timer0@data                                                               cstackCOMRAM 00001D
Open_Timer0@value                                                              cstackCOMRAM 00001A
PID_Controller@val                                                             cstackBANK0  000087
Rd_Digital_Inputs@Port_RD                                                      cstackCOMRAM 000019
Rd_Digital_Inputs@Temp_RD                                                      cstackCOMRAM 00001A
ReadI2C@IE_stat                                                                cstackCOMRAM 000019
ReadStr_I2C@Mod_Addr                                                           cstackCOMRAM 00001F
ReadStr_I2C@Reg_Addr                                                           cstackCOMRAM 00001B
ReadStr_I2C@Str                                                                cstackCOMRAM 00001C
ReadStr_I2C@Str_Size                                                           cstackCOMRAM 00001E
ReadStr_I2C@stat                                                               cstackCOMRAM 000020
RestartI2C@IE_stat                                                             cstackCOMRAM 000019
Save_Variables@data                                                            cstackBANK0  000060
Set_LP_RC_constant@val                                                         cstackCOMRAM 000019
StartI2C@IE_stat                                                               cstackCOMRAM 000019
StopI2C@IE_stat                                                                cstackCOMRAM 000019
TimerInt@stat                                                                  cstackCOMRAM 000018
WriteI2C@IE_stat                                                               cstackCOMRAM 00001A
WriteI2C@data_out                                                              cstackCOMRAM 000019
WriteIO5R@bits                                                                 cstackCOMRAM 000021
WriteIO5R@data                                                                 cstackCOMRAM 000019
WriteIO5R@temp                                                                 cstackCOMRAM 00001D
WriteStr_I2C@Mod_Addr                                                          cstackCOMRAM 000020
WriteStr_I2C@Reg_Addr                                                          cstackCOMRAM 00001B
WriteStr_I2C@Str                                                               cstackCOMRAM 00001C
WriteStr_I2C@Str_Size                                                          cstackCOMRAM 00001E
WriteStr_I2C@i                                                                 cstackCOMRAM 00001F
WriteStr_I2C@stat                                                              cstackCOMRAM 000021
_ADCON0                                                                        (abs)        000FC2
_ADCON0bits                                                                    (abs)        000FC2
_ADCON1                                                                        (abs)        000FC1
_ADRESH                                                                        (abs)        000FC4
_ADRESL                                                                        (abs)        000FC3
_AckI2C                                                                        text35       0050D2
_Check_VL_N                                                                    text95       00596C
_CloseI2C                                                                      text143      004D26
_Control_Loop                                                                  text145      006A5E
_DDRCbits                                                                      (abs)        000F94
_Display_Data                                                                  text116      003886
_EEADR                                                                         (abs)        000FA9
_EECON1bits                                                                    (abs)        000FA6
_EECON2                                                                        (abs)        000FA7
_EEDATA                                                                        (abs)        000FA8
_Get_Analog_Channel                                                            text94       005578
_Get_Control_Voltage                                                           text151      0072A4
_Get_Variables                                                                 text96       0073CA
_Get_Voltage_Data                                                              text88       0016EE
_Get_Voltage_VL1                                                               text158      004D3C
_Get_Voltage_VL2                                                               text157      004D4E
_Get_Voltage_VL3                                                               text156      004D60
_Get_Voltage_Vin                                                               text144      004D84
_I2C_Send                                                                      text87       005458
_INTCON                                                                        (abs)        000FF2
_INTCONbits                                                                    (abs)        000FF2
_IdleI2C                                                                       text142      0051B8
_Inputs                                                                        bssBANK0     0000FB
_Int_Flag                                                                      bssBANK0     0000FA
_Kp                                                                            bssBANK1     00011F
_LATCbits                                                                      (abs)        000F8B
_LCD_Clear                                                                     text86       003FF4
_LCD_SetBackLight_Brightness                                                   text20       0055F8
_LCD_SetContrast                                                               text19       005638
_LCD_SetCursor_Position                                                        text136      005794
_LCD_WriteStr                                                                  text135      006122
_LowPass_VL1                                                                   text93       00652A
_LowPass_VL1$3539                                                              cstackBANK0  00008A
_LowPass_VL2                                                                   text92       0065E6
_LowPass_VL2$3540                                                              cstackBANK0  00008A
_LowPass_VL3                                                                   text91       0066A2
_LowPass_VL3$3541                                                              cstackBANK0  00008A
_LowPass_Vin                                                                   text90       00675E
_LowPass_Vin$3542                                                              cstackBANK0  00008A
_Manual_Control                                                                text84       00509E
_Not_AckI2C                                                                    text34       0050EE
_OpenADC                                                                       text83       004D2E
_OpenI2C                                                                       text141      005196
_OpenIO5R                                                                      text81       0053F2
_OpenUSART                                                                     text80       005BF6
_Open_Timer0                                                                   text79       005368
_Outputs                                                                       bssBANK0     0000ED
_PID_Controller                                                                text148      003D0A
_PID_Controller$3543                                                           cstackBANK0  00008A
_PID_Controller$3544                                                           cstackBANK0  00008D
_PID_Controller$3545                                                           cstackBANK0  000090
_PIE1bits                                                                      (abs)        000F9D
_PIR1bits                                                                      (abs)        000F9E
_PIR2bits                                                                      (abs)        000FA1
_PORTB                                                                         (abs)        000F81
_RCIE                                                                          (abs)        007CED
_RCIF                                                                          (abs)        007CF5
_RCREG                                                                         (abs)        000FAE
_RCSTA                                                                         (abs)        000FAB
_RCSTAbits                                                                     (abs)        000FAB
_Rd_Digital_Inputs                                                             text78       005224
_ReadI2C                                                                       text33       00510A
_ReadStr_I2C                                                                   text31       006FAA
_RestartI2C                                                                    text32       0050B8
_SPBRG                                                                         (abs)        000FAF
_SSPADD                                                                        (abs)        000FC8
_SSPBUF                                                                        (abs)        000FC9
_SSPCON1                                                                       (abs)        000FC6
_SSPCON1bits                                                                   (abs)        000FC6
_SSPCON2                                                                       (abs)        000FC5
_SSPCON2bits                                                                   (abs)        000FC5
_SSPSTAT                                                                       (abs)        000FC7
_SSPSTATbits                                                                   (abs)        000FC7
_Save_Variables                                                                text44       0074FA
_Set_LP_RC_constant                                                            text115      004DCC
_StartI2C                                                                      text140      00506A
_StopI2C                                                                       text139      005084
_T0CON                                                                         (abs)        000FD5
_TMR0H                                                                         (abs)        000FD7
_TMR0IE                                                                        (abs)        007F95
_TMR0IF                                                                        (abs)        007F92
_TMR0L                                                                         (abs)        000FD6
_TRISA                                                                         (abs)        000F92
_TRISB                                                                         (abs)        000F93
_TRISBbits                                                                     (abs)        000F93
_TRISC                                                                         (abs)        000F94
_TRISCbits                                                                     (abs)        000F94
_TXIE                                                                          (abs)        007CEC
_TXIF                                                                          (abs)        007CF4
_TXREG                                                                         (abs)        000FAD
_TXSTA                                                                         (abs)        000FAC
_TXSTAbits                                                                     (abs)        000FAC
_T_sample                                                                      bssBANK1     000119
_TimerInt                                                                      intcode      000008
_VL1                                                                           bssCOMRAM    00003C
_VL1_last                                                                      bssBANK1     00014F
_VL1_span                                                                      bssBANK1     000137
_VL1_zero                                                                      bssBANK1     000143
_VL2                                                                           bssCOMRAM    000039
_VL2_last                                                                      bssBANK1     00014C
_VL2_span                                                                      bssBANK1     000134
_VL2_zero                                                                      bssBANK1     000140
_VL3                                                                           bssCOMRAM    000036
_VL3_last                                                                      bssBANK1     000149
_VL3_span                                                                      bssBANK1     000131
_VL3_zero                                                                      bssBANK1     00013D
_VL_max                                                                        bssBANK1     00012B
_VL_min                                                                        bssBANK1     000128
_Vin                                                                           bssCOMRAM    000033
_Vin_Span                                                                      bssBANK1     00012E
_Vin_last                                                                      bssBANK1     000146
_Vin_zero                                                                      bssBANK1     00013A
_Wait_AckI2C                                                                   text138      005042
_WriteI2C                                                                      text137      00533C
_WriteIO5R                                                                     text82       00609E
_WriteStr_I2C                                                                  text12       005CCA
__CFG_BOR$OFF                                                                  (abs)        000000
__CFG_BORV$25                                                                  (abs)        000000
__CFG_CP0$OFF                                                                  (abs)        000000
__CFG_CP1$OFF                                                                  (abs)        000000
__CFG_CP2$OFF                                                                  (abs)        000000
__CFG_CP3$OFF                                                                  (abs)        000000
__CFG_CPB$OFF                                                                  (abs)        000000
__CFG_CPD$OFF                                                                  (abs)        000000
__CFG_EBTR0$OFF                                                                (abs)        000000
__CFG_EBTR1$OFF                                                                (abs)        000000
__CFG_EBTR2$OFF                                                                (abs)        000000
__CFG_EBTR3$OFF                                                                (abs)        000000
__CFG_EBTRB$OFF                                                                (abs)        000000
__CFG_LVP$OFF                                                                  (abs)        000000
__CFG_OSC$HS                                                                   (abs)        000000
__CFG_OSCS$OFF                                                                 (abs)        000000
__CFG_PWRT$ON                                                                  (abs)        000000
__CFG_STVR$ON                                                                  (abs)        000000
__CFG_WDT$OFF                                                                  (abs)        000000
__CFG_WDTPS$128                                                                (abs)        000000
__CFG_WRT0$OFF                                                                 (abs)        000000
__CFG_WRT1$OFF                                                                 (abs)        000000
__CFG_WRT2$OFF                                                                 (abs)        000000
__CFG_WRT3$OFF                                                                 (abs)        000000
__CFG_WRTB$OFF                                                                 (abs)        000000
__CFG_WRTC$OFF                                                                 (abs)        000000
__CFG_WRTD$OFF                                                                 (abs)        000000
__HRAM                                                                         (abs)        000000
__Habs1                                                                        abs1         000000
__Hbank0                                                                       bank0        000000
__Hbank1                                                                       bank1        000000
[...]
      Temps:          3       0       0       0       0       0       0
      Totals:         8       0       0       0       0       0       0
Total ram usage:        8 bytes
 Hardware stack levels used:    1
 Hardware stack levels required when called:    1
 This function calls:
		Nothing
 This function is called by:
		___altoft
		___ftadd
		___ftdiv
		___ftmul
		___lbtoft
		___lltoft
		___lwtoft
 This function uses a non-reentrant model


 *************** function _Get_Voltage_VL3 *****************
 Defined at:
		line 133 in file "Get_Voltages.c"
 Parameters:    Size  Location     Type
		None
 Auto vars:     Size  Location     Type
		None
 Return value:  Size  Location     Type
                  3   24[COMRAM] float 
 Registers used:
		None
 Tracked objects:
		On entry : 
		On exit  : 
		Unchanged: 
 Data sizes:     COMRAM   BANK0   BANK1   BANK2   BANK3   BANK4   BANK5
      Params:         3       0       0       0       0       0       0
      Locals:         0       0       0       0       0       0       0
      Temps:          0       0       0       0       0       0       0
      Totals:         3       0       0       0       0       0       0
Total ram usage:        3 bytes
 Hardware stack levels used:    1
 Hardware stack levels required when called:    1
 This function calls:
		Nothing
 This function is called by:
		_Get_Control_Voltage
		_Display_Data
 This function uses a non-reentrant model


 *************** function _Get_Voltage_VL2 *****************
 Defined at:
		line 127 in file "Get_Voltages.c"
 Parameters:    Size  Location     Type
		None
 Auto vars:     Size  Location     Type
		None
 Return value:  Size  Location     Type
                  3   24[COMRAM] float 
 Registers used:
		None
 Tracked objects:
		On entry : 
		On exit  : 
		Unchanged: 
 Data sizes:     COMRAM   BANK0   BANK1   BANK2   BANK3   BANK4   BANK5
      Params:         3       0       0       0       0       0       0
      Locals:         0       0       0       0       0       0       0
      Temps:          0       0       0       0       0       0       0
      Totals:         3       0       0       0       0       0       0
Total ram usage:        3 bytes
 Hardware stack levels used:    1
 Hardware stack levels required when called:    1
 This function calls:
		Nothing
 This function is called by:
		_Get_Control_Voltage
		_Display_Data
 This function uses a non-reentrant model


 *************** function _Get_Voltage_VL1 *****************
 Defined at:
		line 121 in file "Get_Voltages.c"
 Parameters:    Size  Location     Type
		None
 Auto vars:     Size  Location     Type
		None
 Return value:  Size  Location     Type
                  3   24[COMRAM] float 
 Registers used:
		None
 Tracked objects:
		On entry : 
		On exit  : 
		Unchanged: 
 Data sizes:     COMRAM   BANK0   BANK1   BANK2   BANK3   BANK4   BANK5
      Params:         3       0       0       0       0       0       0
      Locals:         0       0       0       0       0       0       0
      Temps:          0       0       0       0       0       0       0
      Totals:         3       0       0       0       0       0       0
Total ram usage:        3 bytes
 Hardware stack levels used:    1
 Hardware stack levels required when called:    1
 This function calls:
		Nothing
 This function is called by:
		_Get_Control_Voltage
		_Display_Data
 This function uses a non-reentrant model


 *************** function _TimerInt *****************
 Defined at:
		line 372 in file "main.c"
 Parameters:    Size  Location     Type
		None
 Auto vars:     Size  Location     Type
  stat            1   23[COMRAM] unsigned char 
 Return value:  Size  Location     Type
                  1    wreg      void 
 Registers used:
		wreg, fsr2l, fsr2h, status,2, status,0, prodl, prodh
 Tracked objects:
		On entry : 
		On exit  : 
		Unchanged: 
 Data sizes:     COMRAM   BANK0   BANK1   BANK2   BANK3   BANK4   BANK5
      Params:         0       0       0       0       0       0       0
      Locals:         1       0       0       0       0       0       0
      Temps:         23       0       0       0       0       0       0
      Totals:        24       0       0       0       0       0       0
Total ram usage:       24 bytes
 Hardware stack levels used:    1
 This function calls:
		Nothing
 This function is called by:
		Interrupt level 2
 This function uses a non-reentrant model



MODULE INFORMATION

Module		Function		Class		Link	Load	Size
USART.c
		_OpenUSART     		CODE           	5BF6	0000	105
		_putch         		CODE           	4DBA	0000	19

USART.c estimated size: 124

C:\Program Files (x86)\Microchip\xc8\v1.43\sources\common\atof.c
		_atof          		CODE           	5312	0000	43
		_strtod        		CODE           	1B96	0000	1185

C:\Program Files (x86)\Microchip\xc8\v1.43\sources\common\atof.c estimated size: 1228

C:\Program Files (x86)\Microchip\xc8\v1.43\sources\common\mktime.c
		_mktime        		CODE           	2C14	0000	649
		_isleap        		CODE           	5B92	0000	101
		_months_to_days		CODE           	55B8	0000	65
		_ymd_to_scalar 		CODE           	6DCC	0000	235
		_years_to_days 		CODE           	6CEC	0000	225

C:\Program Files (x86)\Microchip\xc8\v1.43\sources\common\mktime.c estimated size: 1275

C:\Program Files (x86)\Microchip\xc8\v1.43\sources\common\Umul32.c
		___lmul        		CODE           	5AD0	0000	95

C:\Program Files (x86)\Microchip\xc8\v1.43\sources\common\Umul32.c estimated size: 95

C:\Program Files (x86)\Microchip\xc8\v1.43\sources\common\fldivl.c
		__div_to_l_    		CODE           	719C	0000	265

C:\Program Files (x86)\Microchip\xc8\v1.43\sources\common\fldivl.c estimated size: 265

C:\Program Files (x86)\Microchip\xc8\v1.43\sources\common\ftmul.c
		___ftmul       		CODE           	78A6	0000	349

C:\Program Files (x86)\Microchip\xc8\v1.43\sources\common\ftmul.c estimated size: 349

C:\Program Files (x86)\Microchip\xc8\v1.43\sources\common\isdigit.c
		_isdigit       		CODE           	51DC	0000	37

C:\Program Files (x86)\Microchip\xc8\v1.43\sources\common\isdigit.c estimated size: 37

C:\Program Files (x86)\Microchip\xc8\v1.43\sources\common\ftdiv.c
		___ftdiv       		CODE           	7760	0000	327

C:\Program Files (x86)\Microchip\xc8\v1.43\sources\common\ftdiv.c estimated size: 327

C:\Program Files (x86)\Microchip\xc8\v1.43\sources\common\almod.c
		___almod       		CODE           	681A	0000	193

C:\Program Files (x86)\Microchip\xc8\v1.43\sources\common\almod.c estimated size: 193

C:\Program Files (x86)\Microchip\xc8\v1.43\sources\common\ftge.c
		___ftge        		CODE           	63EC	0000	157

C:\Program Files (x86)\Microchip\xc8\v1.43\sources\common\ftge.c estimated size: 157

InitVariables.c
		_Save_Variables		CODE           	74FA	0000	307
		_Get_Variables 		CODE           	73CA	0000	305

InitVariables.c estimated size: 612

C:\Program Files (x86)\Microchip\xc8\v1.43\sources\common\lwdiv.c
		___lwdiv       		CODE           	5E24	0000	123

C:\Program Files (x86)\Microchip\xc8\v1.43\sources\common\lwdiv.c estimated size: 123

LCD2S.c
		_LCD_SetBackLight_Brightness		CODE           	55F8	0000	65
		_LCD_Clear     		CODE           	3FF4	0000	13
		_I2C_Send      		CODE           	5458	0000	55
		_LCD_SetCursor_Position		CODE           	5794	0000	75
		_LCD_SetContrast		CODE           	5638	0000	65
		_LCD_WriteStr  		CODE           	6122	0000	135

LCD2S.c estimated size: 408

C:\Program Files (x86)\Microchip\xc8\v1.43\sources\common\awdiv.c
		___awdiv       		CODE           	6354	0000	153

C:\Program Files (x86)\Microchip\xc8\v1.43\sources\common\awdiv.c estimated size: 153

C:\Program Files (x86)\Microchip\xc8\v1.43\sources\common\strlen.c
		_strlen        		CODE           	574C	0000	73

C:\Program Files (x86)\Microchip\xc8\v1.43\sources\common\strlen.c estimated size: 73

C:\Program Files (x86)\Microchip\xc8\v1.43\sources\common\strcmp.c
		_strcmp        		CODE           	5918	0000	85

C:\Program Files (x86)\Microchip\xc8\v1.43\sources\common\strcmp.c estimated size: 85

C:\Program Files (x86)\Microchip\xc8\v1.43\sources\common\strchr.c
		_strchr        		CODE           	5704	0000	73

C:\Program Files (x86)\Microchip\xc8\v1.43\sources\common\strchr.c estimated size: 73

C:\Program Files (x86)\Microchip\xc8\v1.43\sources\common\strcspn.c
		_strcspn       		CODE           	5A1C	0000	91

C:\Program Files (x86)\Microchip\xc8\v1.43\sources\common\strcspn.c estimated size: 91

i2c_FRM.c
		_IdleI2C       		CODE           	51B8	0000	37
		_Not_AckI2C    		CODE           	50EE	0000	29
		_Wait_AckI2C   		CODE           	5042	0000	21
		_AckI2C        		CODE           	50D2	0000	29
		_ReadStr_I2C   		CODE           	6FAA	0000	247
		_CloseI2C      		CODE           	4D26	0000	9
		_StopI2C       		CODE           	5084	0000	27
		_WriteStr_I2C  		CODE           	5CCA	0000	113
		_ReadI2C       		CODE           	510A	0000	29
		_RestartI2C    		CODE           	50B8	0000	27
		_WriteI2C      		CODE           	533C	0000	45
		_StartI2C      		CODE           	506A	0000	27
		_OpenI2C       		CODE           	5196	0000	35

i2c_FRM.c estimated size: 675

C:\Program Files (x86)\Microchip\xc8\v1.43\sources\common\lldiv.c
		___lldiv       		CODE           	6232	0000	145

C:\Program Files (x86)\Microchip\xc8\v1.43\sources\common\lldiv.c estimated size: 145

C:\Program Files (x86)\Microchip\xc8\v1.43\sources\common\lbtoft.c
		___lbtoft      		CODE           	526E	0000	41

C:\Program Files (x86)\Microchip\xc8\v1.43\sources\common\lbtoft.c estimated size: 41

C:\Program Files (x86)\Microchip\xc8\v1.43\sources\common\altoft.c
		___altoft      		CODE           	5F9A	0000	129

C:\Program Files (x86)\Microchip\xc8\v1.43\sources\common\altoft.c estimated size: 129

Get_Voltages.c
		_set_VL2_span  		CODE           	4E5C	0000	19
		_set_VL2_zero  		CODE           	4E6E	0000	19
		_get_min       		CODE           	4DA8	0000	19
		_get_min_VL    		CODE           	4FFA	0000	19
		_Check_VL_N    		CODE           	596C	0000	87
		_get_Vin_span  		CODE           	4FC4	0000	19
		_get_Vin_zero  		CODE           	4FD6	0000	19
		_get_max       		CODE           	4D96	0000	19
		_set_min       		CODE           	5030	0000	19
		_get_max_VL    		CODE           	4FE8	0000	19
		_set_min_VL    		CODE           	4EDA	0000	19
		_get_VL1_span  		CODE           	4F58	0000	19
		_get_VL1_zero  		CODE           	4F6A	0000	19
		_set_Vin_span  		CODE           	4EA4	0000	19
		_set_Vin_zero  		CODE           	4EB6	0000	19
		_set_max       		CODE           	501E	0000	19
		_set_max_VL    		CODE           	4EC8	0000	19
		_Get_Control_Voltage		CODE           	72A4	0000	295
		_set_VL1_span  		CODE           	4E38	0000	19
		_set_VL1_zero  		CODE           	4E4A	0000	19
		_Get_Voltage_Data		CODE           	16EE	0000	1193
		_get_VL3_span  		CODE           	4FA0	0000	19
		_get_VL3_zero  		CODE           	4FB2	0000	19
		_set_VL3_span  		CODE           	4E80	0000	19
		_set_VL3_zero  		CODE           	4E92	0000	19
		_Get_Voltage_VL1		CODE           	4D3C	0000	19
		_Get_Voltage_VL2		CODE           	4D4E	0000	19
		_Get_Voltage_VL3		CODE           	4D60	0000	19
		_get_VL2_span  		CODE           	4F7C	0000	19
		_get_VL2_zero  		CODE           	4F8E	0000	19
		_Get_Voltage_Vin		CODE           	4D84	0000	19

Get_Voltages.c estimated size: 2107

C:\Program Files (x86)\Microchip\xc8\v1.43\sources\common\sprintf.c
		_sprintf       		CODE           	5F1A	0000	129

C:\Program Files (x86)\Microchip\xc8\v1.43\sources\common\sprintf.c estimated size: 129

C:\Program Files (x86)\Microchip\xc8\v1.43\sources\common\ctime.c
		_gmtime        		CODE           	3ADC	0000	559
		_ctime         		CODE           	5248	0000	39
		_localtime     		CODE           	62C2	0000	147
		_dylen         		CODE           	5C5E	0000	109

C:\Program Files (x86)\Microchip\xc8\v1.43\sources\common\ctime.c estimated size: 854

Timers.c
		_Open_Timer0   		CODE           	5368	0000	47

Timers.c estimated size: 47

C:\Program Files (x86)\Microchip\xc8\v1.43\sources\common\fttol.c
		___fttol       		CODE           	762C	0000	309

C:\Program Files (x86)\Microchip\xc8\v1.43\sources\common\fttol.c estimated size: 309

C:\Program Files (x86)\Microchip\xc8\v1.43\sources\common\doprnt.c
		_scale         		CODE           	2036	0000	1123
		_fround        		CODE           	311E	0000	643
		__doprnt       		CODE           	01B6	0000	3889

C:\Program Files (x86)\Microchip\xc8\v1.43\sources\common\doprnt.c estimated size: 5655

C:\Program Files (x86)\Microchip\xc8\v1.43\sources\common\atoi.c
		_atoi          		CODE           	70A0	0000	253

C:\Program Files (x86)\Microchip\xc8\v1.43\sources\common\atoi.c estimated size: 253

C:\Program Files (x86)\Microchip\xc8\v1.43\sources\common\lwtoft.c
		___lwtoft      		CODE           	5296	0000	41

C:\Program Files (x86)\Microchip\xc8\v1.43\sources\common\lwtoft.c estimated size: 41

C:\Program Files (x86)\Microchip\xc8\v1.43\sources\common\lltoft.c
		___lltoft      		CODE           	5B2E	0000	101

C:\Program Files (x86)\Microchip\xc8\v1.43\sources\common\lltoft.c estimated size: 101

ior5e.c
		_Rd_Digital_Inputs		CODE           	5224	0000	37
		_OpenIO5R      		CODE           	53F2	0000	51
		_Get_Analog_Channel		CODE           	5578	0000	65
		_WriteIO5R     		CODE           	609E	0000	133
		_OpenADC       		CODE           	4D2E	0000	15

ior5e.c estimated size: 301

C:\Program Files (x86)\Microchip\xc8\v1.43\sources\common\ftadd.c
		___ftadd       		CODE           	33A0	0000	633

C:\Program Files (x86)\Microchip\xc8\v1.43\sources\common\ftadd.c estimated size: 633

C:\Program Files (x86)\Microchip\xc8\v1.43\sources\common\strspn.c
		_strspn        		CODE           	5A76	0000	91

C:\Program Files (x86)\Microchip\xc8\v1.43\sources\common\strspn.c estimated size: 91

C:\Program Files (x86)\Microchip\xc8\v1.43\sources\common\aldiv.c
		___aldiv       		CODE           	6C0C	0000	225

C:\Program Files (x86)\Microchip\xc8\v1.43\sources\common\aldiv.c estimated size: 225

shared
		__powers_      		MEDIUMCONST    	7D4B	0000	40
		_moninit       		MEDIUMCONST    	7D99	0000	13
		_dpowers       		MEDIUMCONST    	7D23	0000	41
		__npowers_     		MEDIUMCONST    	7D72	0000	40
		__initialization		CODE           	57DE	0000	61

shared estimated size: 195

DS1307.c
		_set_date      		CODE           	515E	0000	29
		_bcdTOint      		CODE           	59C2	0000	91
		_intTObcd      		CODE           	6488	0000	163
		_get_time      		CODE           	5142	0000	29
		_set_time      		CODE           	517A	0000	29
		_get_date      		CODE           	5126	0000	29
		_time          		CODE           	6B30	0000	221

DS1307.c estimated size: 591

C:\Program Files (x86)\Microchip\xc8\v1.43\sources\common\lbdiv.c
		___lbdiv       		CODE           	56BC	0000	73

C:\Program Files (x86)\Microchip\xc8\v1.43\sources\common\lbdiv.c estimated size: 73

C:\Program Files (x86)\Microchip\xc8\v1.43\sources\common\asctime.c
		_put2d         		CODE           	5DAE	0000	119
		_asctime       		CODE           	3618	0000	623

C:\Program Files (x86)\Microchip\xc8\v1.43\sources\common\asctime.c estimated size: 742

Commands.c
		_read_command  		CODE           	7B7A	0000	425
		_date_set      		CODE           	7A02	0000	377
		_lcd_display   		CODE           	5E9E	0000	125
		_cal_analog    		CODE           	2E9C	0000	643
		_get_list      		CODE           	10E6	0000	1545
		_time_set      		CODE           	6EB6	0000	245
		_set_list      		CODE           	28EE	0000	807
		_reset_var     		CODE           	61A8	0000	139

Commands.c estimated size: 4306

C:\Program Files (x86)\Microchip\xc8\v1.43\sources\common\ftdivl.c
		__tdiv_to_l_   		CODE           	3EE2	0000	275

C:\Program Files (x86)\Microchip\xc8\v1.43\sources\common\ftdivl.c estimated size: 275

C:\Program Files (x86)\Microchip\xc8\v1.43\sources\common\ftneg.c
		___ftneg       		CODE           	52BE	0000	43

C:\Program Files (x86)\Microchip\xc8\v1.43\sources\common\ftneg.c estimated size: 43

C:\Program Files (x86)\Microchip\xc8\v1.43\sources\common\Umul16.c
		___wmul        		CODE           	52E8	0000	43

C:\Program Files (x86)\Microchip\xc8\v1.43\sources\common\Umul16.c estimated size: 43

C:\Program Files (x86)\Microchip\xc8\v1.43\sources\common\ftsub.c
		___ftsub       		CODE           	58C6	0000	83

C:\Program Files (x86)\Microchip\xc8\v1.43\sources\common\ftsub.c estimated size: 83

C:\Program Files (x86)\Microchip\xc8\v1.43\sources\common\float.c
		___ftpack      		CODE           	699A	0000	197

C:\Program Files (x86)\Microchip\xc8\v1.43\sources\common\float.c estimated size: 197

PID_Controller.c
		_get_PID_T     		CODE           	4F10	0000	19
		_get_PID_Td    		CODE           	4F22	0000	19
		_get_PID_Ti    		CODE           	4F34	0000	19
		_get_PID_Kp    		CODE           	4EFE	0000	19
		_get_PID_deadband		CODE           	4D72	0000	19
		_PID_Controller		CODE           	3D0A	0000	473
		_set_PID_T     		CODE           	4E14	0000	19
		_set_PID_Kd    		CODE           	4DF0	0000	19
		_set_PID_Ki    		CODE           	4E02	0000	19
		_set_PID_Kp    		CODE           	5200	0000	37
		_get_PID_setpoint		CODE           	4F46	0000	19
		_get_PID_output		CODE           	500C	0000	19
		_set_PID_setpoint		CODE           	4E26	0000	19
		_reset_PID     		CODE           	54C4	0000	61
		_set_Deadband  		CODE           	4DDE	0000	19

PID_Controller.c estimated size: 799

C:\Program Files (x86)\Microchip\xc8\v1.43\sources\common\lwmod.c
		___lwmod       		CODE           	5876	0000	81

C:\Program Files (x86)\Microchip\xc8\v1.43\sources\common\lwmod.c estimated size: 81

main.c
		_Control_Loop  		CODE           	6A5E	0000	211
		_check_V1_status		CODE           	5678	0000	69
		_check_V2_status		CODE           	5500	0000	61
		_check_V3_status		CODE           	553C	0000	61
		_Manual_Control		CODE           	509E	0000	27
		_main          		CODE           	2498	0000	1111
		_Display_Data  		CODE           	3886	0000	599
		_TimerInt      		CODE           	0008	0000	427

main.c estimated size: 2566

EEprom.c
		_rd_byte_EE    		CODE           	5056	0000	21
		_wr_string_EE  		CODE           	548E	0000	55
		_wr_byte_EE    		CODE           	5396	0000	47
		_rd_string_EE  		CODE           	5424	0000	53

EEprom.c estimated size: 176

C:\Program Files (x86)\Microchip\xc8\v1.43\sources\common\isspace.c
		_isspace       		CODE           	53C4	0000	47

C:\Program Files (x86)\Microchip\xc8\v1.43\sources\common\isspace.c estimated size: 47

C:\Program Files (x86)\Microchip\xc8\v1.43\sources\common\awmod.c
		___awmod       		CODE           	601A	0000	133

C:\Program Files (x86)\Microchip\xc8\v1.43\sources\common\awmod.c estimated size: 133

Filters.c
		_Set_LP_RC_constant		CODE           	4DCC	0000	19
		_get_LP_RC_Constant		CODE           	4EEC	0000	19
		_LowPass_VL1   		CODE           	652A	0000	189
		_LowPass_VL2   		CODE           	65E6	0000	189
		_LowPass_VL3   		CODE           	66A2	0000	189
		_LowPass_Vin   		CODE           	675E	0000	189

Filters.c estimated size: 794

C:\Program Files (x86)\Microchip\xc8\v1.43\sources\common\strtok.c
		_strtok        		CODE           	68DA	0000	193

C:\Program Files (x86)\Microchip\xc8\v1.43\sources\common\strtok.c estimated size: 193

C:\Program Files (x86)\Microchip\xc8\v1.43\sources\common\llmod.c
		___llmod       		CODE           	5D3A	0000	117

C:\Program Files (x86)\Microchip\xc8\v1.43\sources\common\llmod.c estimated size: 117

C:\Program Files (x86)\Microchip\xc8\v1.43\sources\common\printf.c
		_printf        		CODE           	5828	0000	79

C:\Program Files (x86)\Microchip\xc8\v1.43\sources\common\printf.c estimated size: 79

