Microchip MPLAB XC8 Compiler V1.43 ()

Linker command line:

-W-3 --edf=C:\Program Files (x86)\Microchip\xc8\v1.43\dat\en_msgs.txt -cs \
  -h+dist/default/production\Voltage_Reg_Controller.X.production.sym \
  --cmf=dist/default/production\Voltage_Reg_Controller.X.production.cmf -z \
  -Q18F258 -oC:\Users\Federico\AppData\Local\Temp\su8.2 \
  -Mdist/default/production/Voltage_Reg_Controller.X.production.map -E1 \
  -ver=XC8 -ASTACK=01DBh-05ffh -pstack=STACK -ACODE=00h-03FFFhx2 \
  -ACONST=00h-07FFFh -ASMALLCONST=0600h-06FFhx122 \
  -AMEDIUMCONST=0600h-07FFFh -ACOMRAM=01h-05Fh -AABS1=00h-05FFh \
  -ABIGRAM=01h-05FFh -ARAM=060h-0FFh,0100h-01FFhx5 -ABANK0=060h-0FFh \
  -ABANK1=0100h-01FFh -ABANK2=0200h-02FFh -ABANK3=0300h-03FFh \
  -ABANK4=0400h-04FFh -ABANK5=0500h-05FFh -ASFR=0F00h-0F5Fh,0F60h-0FFFh \
  -preset_vec=00h,intcode=08h,intcodelo,powerup,init -pramtop=0600h \
  -psmallconst=SMALLCONST -pmediumconst=MEDIUMCONST -pconst=CONST \
  -AFARRAM=00h-00h -ACONFIG=0300000h-030000Dh -pconfig=CONFIG \
  -AIDLOC=0200000h-0200007h -pidloc=IDLOC -AEEDATA=0F00000h-0F000FFh \
  -peeprom_data=EEDATA \
  -prdata=COMRAM,nvrram=COMRAM,nvbit=COMRAM,rbss=COMRAM,rbit=COMRAM \
  -pfarbss=FARRAM,fardata=FARRAM,nvFARRAM=FARRAM \
  -pintsave_regs=BIGRAM,bigbss=BIGRAM,bigdata=BIGRAM -pbss=RAM \
  -pidata=CODE,irdata=CODE,ibigdata=CODE,ifardata=CODE -prparam=COMRAM \
  C:\Users\Federico\AppData\Local\Temp\su8.obj \
  dist/default/production\Voltage_Reg_Controller.X.production.obj 

Object code version is 3.11

Machine type is 18F258

Call graph: (short form)




                Name                               Link     Load   Length Selector   Space Scale
C:\Users\Federico\AppData\Local\Temp\su8.obj
                text                               4C50     4C50        2     2628       0
                init                                1B2      1B2        4        4       0
                reset_vec                             0        0        6        0       0
                idloc                            200000   200000        8   200000       0
                config                           300000   300000        E   300000       0
dist/default/production\Voltage_Reg_Controller.X.production.obj
                intcode                               8        8      1AA        4       0
                temp                                 47       47        1        1       1
                mediumconst                        7D22     7D22      2DE     3E91       0
                text159                            4C74     4C74       12     263A       0
                text158                            4C86     4C86       12     2643       0
                text157                            4C98     4C98       12     264C       0
                text156                            68A2     68A2       C4     3451       0
                text155                            2C8A     2C8A      290        4       0
                text154                            7760     7760      146     3BB0       0
                text153                            51A6     51A6       28     28D3       0
                text152                            72AA     72AA      120     3955       0
                text151                            78A6     78A6      15C     3C53       0
                text150                            51F6     51F6       2A     28FB       0
                text149                            3DA4     3DA4      1D8        4       0
                text148                            62F4     62F4       9C     317A       0
                text147                            4CAA     4CAA       12     2655       0
                text146                            6966     6966       D2     34B3       0
                text145                            4CBC     4CBC       12     265E       0
                text144                            4C52     4C52        8     2629       0
                text143                            50F0     50F0       24     2878       0
                text142                            50CE     50CE       22     2867       0
                text141                            4FA2     4FA2       1A     27D1       0
                text140                            4FBC     4FBC       1A     27DE       0
                text139                            4F7A     4F7A       14     27BD       0
                text138                            5274     5274       2C     293A       0
                text137                            5714     5714       4A     2B8A       0
                text136                            5FA4     5FA4       86     2FD2       0
                text135                            4CCE     4CCE       12     2667       0
                text134                            4CE0     4CE0       12     2670       0
                text133                            5846     5846       52     2C23       0
                text132                            762C     762C      134     3B16       0
                text131                            613A     613A       90     309D       0
                text130                            5CBA     5CBA       74     2E5D       0
                text129                            5AAE     5AAE       64     2D57       0
                text128                            7090     7090      108     3848       0
                text127                            7198     7198      112     38CC       0
                text126                            625C     625C       98     312E       0
                text125                            5F20     5F20       84     2F90       0
                text124                            5220     5220       2A     2910       0
                text123                            3424     3424      282        4       0
                text122                            5114     5114       24     288A       0
                text121                            4CF2     4CF2       12     2679       0
                text120                            2502     2502      462        4       0
                text119                             1B6      1B6      F30        4       0
                text118                            5E20     5E20       80     2F10       0
                text117                            3914     3914      256        4       0
                text116                            4D04     4D04       12     2682       0
                text115                            4F8E     4F8E       14     27C7       0
                text114                            535C     535C       34     29AE       0
                text113                            4D16     4D16       12     268B       0
                text112                            4D28     4D28       12     2694       0
                text111                            4D3A     4D3A       12     269D       0
                text110                            5138     5138       24     289C       0
                text109                            4D4C     4D4C       12     26A6       0
                text108                            4D5E     4D5E       12     26AF       0
                text107                            4D70     4D70       12     26B8       0
                text106                            4D82     4D82       12     26C1       0
                text105                            4D94     4D94       12     26CA       0
                text104                            4DA6     4DA6       12     26D3       0
                text103                            4DB8     4DB8       12     26DC       0
                text102                            4DCA     4DCA       12     26E5       0
                text101                            4DDC     4DDC       12     26EE       0
                text100                            4DEE     4DEE       12     26F7       0
                text99                             4E00     4E00       12     2700       0
                text98                             4E12     4E12       12     2709       0
                text97                             73CA     73CA      130     39E5       0
                text96                             58EC     58EC       56     2C76       0
                text95                             54B0     54B0       40     2A58       0
                text94                             6432     6432       BC     3219       0
                text93                             64EE     64EE       BC     3277       0
                text92                             65AA     65AA       BC     32D5       0
                text91                             6666     6666       BC     3333       0
                text90                             51CE     51CE       28     28E7       0
                text89                             16E6     16E6      4CA        4       0
                text88                             5390     5390       36     29C8       0
                text87                             4C5A     4C5A        C     262D       0
                text86                             53FC     53FC       3C     29FE       0
                text85                             4FD6     4FD6       1A     27EB       0
                text84                             4C66     4C66        E     2633       0
                text83                             3F7C     3F7C       84        4       0
                text82                             532A     532A       32     2995       0
                text81                             5B76     5B76       68     2DBB       0
                text80                             52A0     52A0       2E     2950       0
                text79                             515C     515C       24     28AE       0
                text78                             55B0     55B0       44     2AD8       0
                text77                             5438     5438       3C     2A1C       0
                text76                             5474     5474       3C     2A3A       0
                text75                             55F4     55F4       48     2AFA       0
                text74                             563C     563C       48     2B1E       0
                text73                             5D2E     5D2E       76     2E97       0
                text72                             36A6     36A6      26E        4       0
                text71                             5A50     5A50       5E     2D28       0
                text70                             6BE8     6BE8       E0     35F4       0
                text69                             6722     6722       C0     3391       0
                text68                             57F6     57F6       50     2BFB       0
                text67                             5BDE     5BDE       6C     2DEF       0
                text66                             3B6A     3B6A      23A        4       0
                text65                             61CA     61CA       92     30E5       0
                text64                             5180     5180       26     28C0       0
                text63                             57A8     57A8       4E     2BD4       0
                text62                             4E24     4E24       12     2712       0
                text61                             4E36     4E36       12     271B       0
                text60                             4E48     4E48       12     2724       0
                text59                             4E5A     4E5A       12     272D       0
                text58                             4E6C     4E6C       12     2736       0
                text57                             4E7E     4E7E       12     273F       0
                text56                             4E90     4E90       12     2748       0
                text55                             4EA2     4EA2       12     2751       0
                text54                             4EB4     4EB4       12     275A       0
                text53                             4EC6     4EC6       12     2763       0
                text52                             4ED8     4ED8       12     276C       0
                text51                             4EEA     4EEA       12     2775       0
                text50                             4EFC     4EFC       12     277E       0
                text49                             4F0E     4F0E       12     2787       0
                text48                             4F20     4F20       12     2790       0
                text47                             4F32     4F32       12     2799       0
                text46                             52CE     52CE       2E     2967       0
                text45                             53C6     53C6       36     29E3       0
                text44                             74FA     74FA      132     3A7D       0
                text43                             5EA0     5EA0       80     2F50       0
                text42                             52FC     52FC       2E     297E       0
                text41                             2070     2070      492        4       0
                text40                             524A     524A       2A     2925       0
                text39                             5898     5898       54     2C4C       0
                text38                             31A2     31A2      282        4       0
                text37                             4F44     4F44       12     27A2       0
                text36                             5942     5942       5A     2CA1       0
                text35                             500A     500A       1C     2805       0
                text34                             5026     5026       1C     2813       0
                text33                             5042     5042       1C     2821       0
                text32                             4FF0     4FF0       1A     27F8       0
                text31                             6E9E     6E9E       F6     374F       0
                text30                             505E     505E       1C     282F       0
                text29                             507A     507A       1C     283D       0
                text28                             5B12     5B12       64     2D89       0
                text27                             602A     602A       86     3015       0
                text26                             54F0     54F0       40     2A78       0
                text25                             6A38     6A38       D4     351C       0
                text24                             6CC8     6CC8       E2     3664       0
                text23                             2F1A     2F1A      288        4       0
                text22                             6B0C     6B0C       DC     3586       0
                text21                             10E6     10E6      600        4       0
                text20                             5530     5530       40     2A98       0
                text19                             5570     5570       40     2AB8       0
                text18                             6F94     6F94       FC     37CA       0
                text17                             5DA4     5DA4       7C     2ED2       0
                text16                             4F56     4F56       12     27AB       0
                text15                             4F68     4F68       12     27B4       0
                text14                             60B0     60B0       8A     3058       0
                text13                             6390     6390       A2     31C8       0
                text12                             5C4A     5C4A       70     2E25       0
                text11                             5096     5096       1C     284B       0
                text10                             5684     5684       48     2B42       0
                text9                              599C     599C       5A     2CCE       0
                text8                              59F6     59F6       5A     2CFB       0
                text7                              67E2     67E2       C0     33F1       0
                text6                              7A02     7A02      178     3D01       0
                text5                              50B2     50B2       1C     2859       0
                text4                              6DAA     6DAA       F4     36D5       0
                text3                              2964     2964      326        4       0
                text2                              7B7A     7B7A      1A8     3DBD       0
                text1                              56CC     56CC       48     2B66       0
                text0                              1BB0     1BB0      4C0        4       0
                cstackCOMRAM                          1        1       2E        1       1
                cstackBANK0                          60       60       88       60       1
                cstackBANK1                         1B7      1B7       24      100       1
                bssBANK1                            100      100       B7      100       1
                dataBANK0                            FE       FE        2       60       1
                bssBANK0                             E8       E8       16       60       1
                bssCOMRAM                            2F       2F       18        1       1
                cinit                              575E     575E       4A     2BAF       0
                idataBANK0                            6        6        2        0       0

TOTAL           Name                               Link     Load   Length     Space
        CLASS   STACK          

        CLASS   CODE           
                intcode                               8        8      1AA         0
                text                               4C50     4C50        2         0
                init                                1B2      1B2        4         0
                reset_vec                             0        0        6         0
                text159                            4C74     4C74       12         0
                text158                            4C86     4C86       12         0
                text157                            4C98     4C98       12         0
                text156                            68A2     68A2       C4         0
                text155                            2C8A     2C8A      290         0
                text154                            7760     7760      146         0
                text153                            51A6     51A6       28         0
                text152                            72AA     72AA      120         0
                text151                            78A6     78A6      15C         0
                text150                            51F6     51F6       2A         0
                text149                            3DA4     3DA4      1D8         0
                text148                            62F4     62F4       9C         0
                text147                            4CAA     4CAA       12         0
                text146                            6966     6966       D2         0
                text145                            4CBC     4CBC       12         0
                text144                            4C52     4C52        8         0
                text143                            50F0     50F0       24         0
                text142                            50CE     50CE       22         0
                text141                            4FA2     4FA2       1A         0
                text140                            4FBC     4FBC       1A         0
                text139                            4F7A     4F7A       14         0
                text138                            5274     5274       2C         0
                text137                            5714     5714       4A         0
                text136                            5FA4     5FA4       86         0
                text135                            4CCE     4CCE       12         0
                text134                            4CE0     4CE0       12         0
                text133                            5846     5846       52         0
                text132                            762C     762C      134         0
                text131                            613A     613A       90         0
                text130                            5CBA     5CBA       74         0
                text129                            5AAE     5AAE       64         0
                text128                            7090     7090      108         0
                text127                            7198     7198      112         0
                text126                            625C     625C       98         0
                text125                            5F20     5F20       84         0
                text124                            5220     5220       2A         0
                text123                            3424     3424      282         0
                text122                            5114     5114       24         0
                text121                            4CF2     4CF2       12         0
                text120                            2502     2502      462         0
                text119                             1B6      1B6      F30         0
                text118                            5E20     5E20       80         0
                text117                            3914     3914      256         0
                text116                            4D04     4D04       12         0
                text115                            4F8E     4F8E       14         0
                text114                            535C     535C       34         0
                text113                            4D16     4D16       12         0
                text112                            4D28     4D28       12         0
                text111                            4D3A     4D3A       12         0
                text110                            5138     5138       24         0
                text109                            4D4C     4D4C       12         0
                text108                            4D5E     4D5E       12         0
                text107                            4D70     4D70       12         0
                text106                            4D82     4D82       12         0
                text105                            4D94     4D94       12         0
                text104                            4DA6     4DA6       12         0
                text103                            4DB8     4DB8       12         0
                text102                            4DCA     4DCA       12         0
                text101                            4DDC     4DDC       12         0
                text100                            4DEE     4DEE       12         0
                text99                             4E00     4E00       12         0
                text98                             4E12     4E12       12         0
                text97                             73CA     73CA      130         0
                text96                             58EC     58EC       56         0
                text95                             54B0     54B0       40         0
                text94                             6432     6432       BC         0
                text93                             64EE     64EE       BC         0
                text92                             65AA     65AA       BC         0
                text91                             6666     6666       BC         0
                text90                             51CE     51CE       28         0
                text89                             16E6     16E6      4CA         0
                text88                             5390     5390       36         0
                text87                             4C5A     4C5A        C         0
                text86                             53FC     53FC       3C         0
                text85                             4FD6     4FD6       1A         0
                text84                             4C66     4C66        E         0
                text83                             3F7C     3F7C       84         0
                text82                             532A     532A       32         0
                text81                             5B76     5B76       68         0
                text80                             52A0     52A0       2E         0
                text79                             515C     515C       24         0
                text78                             55B0     55B0       44         0
                text77                             5438     5438       3C         0
                text76                             5474     5474       3C         0
                text75                             55F4     55F4       48         0
                text74                             563C     563C       48         0
                text73                             5D2E     5D2E       76         0
                text72                             36A6     36A6      26E         0
                text71                             5A50     5A50       5E         0
                text70                             6BE8     6BE8       E0         0
                text69                             6722     6722       C0         0
                text68                             57F6     57F6       50         0
                text67                             5BDE     5BDE       6C         0
                text66                             3B6A     3B6A      23A         0
                text65                             61CA     61CA       92         0
                text64                             5180     5180       26         0
                text63                             57A8     57A8       4E         0
                text62                             4E24     4E24       12         0
                text61                             4E36     4E36       12         0
                text60                             4E48     4E48       12         0
                text59                             4E5A     4E5A       12         0
                text58                             4E6C     4E6C       12         0
                text57                             4E7E     4E7E       12         0
                text56                             4E90     4E90       12         0
                text55                             4EA2     4EA2       12         0
                text54                             4EB4     4EB4       12         0
                text53                             4EC6     4EC6       12         0
                text52                             4ED8     4ED8       12         0
                text51                             4EEA     4EEA       12         0
                text50                             4EFC     4EFC       12         0
                text49                             4F0E     4F0E       12         0
                text48                             4F20     4F20       12         0
                text47                             4F32     4F32       12         0
                text46                             52CE     52CE       2E         0
                text45                             53C6     53C6       36         0
                text44                             74FA     74FA      132         0
                text43                             5EA0     5EA0       80         0
                text42                             52FC     52FC       2E         0
                text41                             2070     2070      492         0
                text40                             524A     524A       2A         0
                text39                             5898     5898       54         0
                text38                             31A2     31A2      282         0
                text37                             4F44     4F44       12         0
                text36                             5942     5942       5A         0
                text35                             500A     500A       1C         0
                text34                             5026     5026       1C         0
                text33                             5042     5042       1C         0
                text32                             4FF0     4FF0       1A         0
                text31                             6E9E     6E9E       F6         0
                text30                             505E     505E       1C         0
                text29                             507A     507A       1C         0
                text28                             5B12     5B12       64         0
                text27                             602A     602A       86         0
                text26                             54F0     54F0       40         0
                text25                             6A38     6A38       D4         0
                text24                             6CC8     6CC8       E2         0
                text23                             2F1A     2F1A      288         0
                text22                             6B0C     6B0C       DC         0
                text21                             10E6     10E6      600         0
                text20                             5530     5530       40         0
                text19                             5570     5570       40         0
                text18                             6F94     6F94       FC         0
                text17                             5DA4     5DA4       7C         0
                text16                             4F56     4F56       12         0
                text15                             4F68     4F68       12         0
                text14                             60B0     60B0       8A         0
                text13                             6390     6390       A2         0
                text12                             5C4A     5C4A       70         0
                text11                             5096     5096       1C         0
                text10                             5684     5684       48         0
                text9                              599C     599C       5A         0
                text8                              59F6     59F6       5A         0
                text7                              67E2     67E2       C0         0
                text6                              7A02     7A02      178         0
                text5                              50B2     50B2       1C         0
                text4                              6DAA     6DAA       F4         0
                text3                              2964     2964      326         0
                text2                              7B7A     7B7A      1A8         0
                text1                              56CC     56CC       48         0
                text0                              1BB0     1BB0      4C0         0
                cinit                              575E     575E       4A         0
                idataBANK0                            6        6        2         0

        CLASS   CONST          

        CLASS   SMALLCONST     

        CLASS   MEDIUMCONST    
                mediumconst                        7D22     7D22      2DE         0

        CLASS   COMRAM         
                temp                                 47       47        1         1
                cstackCOMRAM                          1        1       2E         1
                bssCOMRAM                            2F       2F       18         1

        CLASS   ABS1           

        CLASS   BIGRAM         

        CLASS   RAM            

        CLASS   BANK0          
                cstackBANK0                          60       60       88         1
                dataBANK0                            FE       FE        2         1
                bssBANK0                             E8       E8       16         1

        CLASS   BANK1          
                cstackBANK1                         1B7      1B7       24         1
                bssBANK1                            100      100       B7         1

        CLASS   BANK2          

        CLASS   BANK3          

        CLASS   BANK4          

        CLASS   BANK5          

        CLASS   SFR            

        CLASS   FARRAM         

        CLASS   CONFIG         
                config                           300000   300000        E         0

        CLASS   IDLOC          
                idloc                            200000   200000        8         0

        CLASS   EEDATA         



SEGMENTS        Name                           Load    Length   Top    Selector   Space  Class

                reset_vec                      000000  000008  000008         0       0  CODE    
                cstackCOMRAM                   000001  000047  000048         1       1  COMRAM  
                intcode                        000008  003FF8  004000         4       0  CODE    
                cstackBANK0                    000060  0000A0  000100        60       1  BANK0   
                bssBANK1                       000100  0000DB  0001DB       100       1  BANK1   
                text                           004C50  000002  004C52      2628       0  CODE    
                text144                        004C52  000008  004C5A      2629       0  CODE    
                text87                         004C5A  00000C  004C66      262D       0  CODE    
                text84                         004C66  00000E  004C74      2633       0  CODE    
                text159                        004C74  000012  004C86      263A       0  CODE    
                text158                        004C86  000012  004C98      2643       0  CODE    
                text157                        004C98  000012  004CAA      264C       0  CODE    
                text147                        004CAA  000012  004CBC      2655       0  CODE    
                text145                        004CBC  000012  004CCE      265E       0  CODE    
                text135                        004CCE  000012  004CE0      2667       0  CODE    
                text134                        004CE0  000012  004CF2      2670       0  CODE    
                text121                        004CF2  000012  004D04      2679       0  CODE    
                text116                        004D04  000012  004D16      2682       0  CODE    
                text113                        004D16  000012  004D28      268B       0  CODE    
                text112                        004D28  000012  004D3A      2694       0  CODE    
                text111                        004D3A  000012  004D4C      269D       0  CODE    
                text109                        004D4C  000012  004D5E      26A6       0  CODE    
                text108                        004D5E  000012  004D70      26AF       0  CODE    
                text107                        004D70  000012  004D82      26B8       0  CODE    
                text106                        004D82  000012  004D94      26C1       0  CODE    
                text105                        004D94  000012  004DA6      26CA       0  CODE    
                text104                        004DA6  000012  004DB8      26D3       0  CODE    
                text103                        004DB8  000012  004DCA      26DC       0  CODE    
                text102                        004DCA  000012  004DDC      26E5       0  CODE    
                text101                        004DDC  000012  004DEE      26EE       0  CODE    
                text100                        004DEE  000012  004E00      26F7       0  CODE    
                text99                         004E00  000012  004E12      2700       0  CODE    
                text98                         004E12  000012  004E24      2709       0  CODE    
                text62                         004E24  000012  004E36      2712       0  CODE    
                text61                         004E36  000012  004E48      271B       0  CODE    
                text60                         004E48  000012  004E5A      2724       0  CODE    
                text59                         004E5A  000012  004E6C      272D       0  CODE    
                text58                         004E6C  000012  004E7E      2736       0  CODE    
                text57                         004E7E  000012  004E90      273F       0  CODE    
                text56                         004E90  000012  004EA2      2748       0  CODE    
                text55                         004EA2  000012  004EB4      2751       0  CODE    
                text54                         004EB4  000012  004EC6      275A       0  CODE    
                text53                         004EC6  000012  004ED8      2763       0  CODE    
                text52                         004ED8  000012  004EEA      276C       0  CODE    
                text51                         004EEA  000012  004EFC      2775       0  CODE    
                text50                         004EFC  000012  004F0E      277E       0  CODE    
                text49                         004F0E  000012  004F20      2787       0  CODE    
                text48                         004F20  000012  004F32      2790       0  CODE    
                text47                         004F32  000012  004F44      2799       0  CODE    
                text37                         004F44  000012  004F56      27A2       0  CODE    
                text16                         004F56  000012  004F68      27AB       0  CODE    
                text15                         004F68  000012  004F7A      27B4       0  CODE    
                text139                        004F7A  000014  004F8E      27BD       0  CODE    
                text115                        004F8E  000014  004FA2      27C7       0  CODE    
                text141                        004FA2  00001A  004FBC      27D1       0  CODE    
                text140                        004FBC  00001A  004FD6      27DE       0  CODE    
                text85                         004FD6  00001A  004FF0      27EB       0  CODE    
                text32                         004FF0  00001A  00500A      27F8       0  CODE    
                text35                         00500A  00001C  005026      2805       0  CODE    
                text34                         005026  00001C  005042      2813       0  CODE    
                text33                         005042  00001C  00505E      2821       0  CODE    
                text30                         00505E  00001C  00507A      282F       0  CODE    
                text29                         00507A  00001C  005096      283D       0  CODE    
                text11                         005096  00001C  0050B2      284B       0  CODE    
                text5                          0050B2  00001C  0050CE      2859       0  CODE    
                text142                        0050CE  000022  0050F0      2867       0  CODE    
                text143                        0050F0  000024  005114      2878       0  CODE    
                text122                        005114  000024  005138      288A       0  CODE    
                text110                        005138  000024  00515C      289C       0  CODE    
                text79                         00515C  000024  005180      28AE       0  CODE    
                text64                         005180  000026  0051A6      28C0       0  CODE    
                text153                        0051A6  000028  0051CE      28D3       0  CODE    
                text90                         0051CE  000028  0051F6      28E7       0  CODE    
                text150                        0051F6  00002A  005220      28FB       0  CODE    
                text124                        005220  00002A  00524A      2910       0  CODE    
                text40                         00524A  00002A  005274      2925       0  CODE    
                text138                        005274  00002C  0052A0      293A       0  CODE    
                text80                         0052A0  00002E  0052CE      2950       0  CODE    
                text46                         0052CE  00002E  0052FC      2967       0  CODE    
                text42                         0052FC  00002E  00532A      297E       0  CODE    
                text82                         00532A  000032  00535C      2995       0  CODE    
                text114                        00535C  000034  005390      29AE       0  CODE    
                text88                         005390  000036  0053C6      29C8       0  CODE    
                text45                         0053C6  000036  0053FC      29E3       0  CODE    
                text86                         0053FC  00003C  005438      29FE       0  CODE    
                text77                         005438  00003C  005474      2A1C       0  CODE    
                text76                         005474  00003C  0054B0      2A3A       0  CODE    
                text95                         0054B0  000040  0054F0      2A58       0  CODE    
                text26                         0054F0  000040  005530      2A78       0  CODE    
                text20                         005530  000040  005570      2A98       0  CODE    
                text19                         005570  000040  0055B0      2AB8       0  CODE    
                text78                         0055B0  000044  0055F4      2AD8       0  CODE    
                text75                         0055F4  000048  00563C      2AFA       0  CODE    
                text74                         00563C  000048  005684      2B1E       0  CODE    
                text10                         005684  000048  0056CC      2B42       0  CODE    
                text1                          0056CC  000048  005714      2B66       0  CODE    
                text137                        005714  00004A  00575E      2B8A       0  CODE    
                cinit                          00575E  00004A  0057A8      2BAF       0  CODE    
                text63                         0057A8  00004E  0057F6      2BD4       0  CODE    
                text68                         0057F6  000050  005846      2BFB       0  CODE    
                text133                        005846  000052  005898      2C23       0  CODE    
                text39                         005898  000054  0058EC      2C4C       0  CODE    
                text96                         0058EC  000056  005942      2C76       0  CODE    
                text36                         005942  00005A  00599C      2CA1       0  CODE    
                text9                          00599C  00005A  0059F6      2CCE       0  CODE    
                text8                          0059F6  00005A  005A50      2CFB       0  CODE    
                text71                         005A50  00005E  005AAE      2D28       0  CODE    
                text129                        005AAE  000064  005B12      2D57       0  CODE    
                text28                         005B12  000064  005B76      2D89       0  CODE    
                text81                         005B76  000068  005BDE      2DBB       0  CODE    
                text67                         005BDE  00006C  005C4A      2DEF       0  CODE    
                text12                         005C4A  000070  005CBA      2E25       0  CODE    
                text130                        005CBA  000074  005D2E      2E5D       0  CODE    
                text73                         005D2E  000076  005DA4      2E97       0  CODE    
                text17                         005DA4  00007C  005E20      2ED2       0  CODE    
                text118                        005E20  000080  005EA0      2F10       0  CODE    
                text43                         005EA0  000080  005F20      2F50       0  CODE    
                text125                        005F20  000084  005FA4      2F90       0  CODE    
                text136                        005FA4  000086  00602A      2FD2       0  CODE    
                text27                         00602A  000086  0060B0      3015       0  CODE    
                text14                         0060B0  00008A  00613A      3058       0  CODE    
                text131                        00613A  000090  0061CA      309D       0  CODE    
                text65                         0061CA  000092  00625C      30E5       0  CODE    
                text126                        00625C  000098  0062F4      312E       0  CODE    
                text148                        0062F4  00009C  006390      317A       0  CODE    
                text13                         006390  0000A2  006432      31C8       0  CODE    
                text94                         006432  0000BC  0064EE      3219       0  CODE    
                text93                         0064EE  0000BC  0065AA      3277       0  CODE    
                text92                         0065AA  0000BC  006666      32D5       0  CODE    
                text91                         006666  0000BC  006722      3333       0  CODE    
                text69                         006722  0000C0  0067E2      3391       0  CODE    
                text7                          0067E2  0000C0  0068A2      33F1       0  CODE    
                text156                        0068A2  0000C4  006966      3451       0  CODE    
                text146                        006966  0000D2  006A38      34B3       0  CODE    
                text25                         006A38  0000D4  006B0C      351C       0  CODE    
                text22                         006B0C  0000DC  006BE8      3586       0  CODE    
                text70                         006BE8  0000E0  006CC8      35F4       0  CODE    
                text24                         006CC8  0000E2  006DAA      3664       0  CODE    
                text4                          006DAA  0000F4  006E9E      36D5       0  CODE    
                text31                         006E9E  0000F6  006F94      374F       0  CODE    
                text18                         006F94  0000FC  007090      37CA       0  CODE    
                text128                        007090  000108  007198      3848       0  CODE    
                text127                        007198  000112  0072AA      38CC       0  CODE    
                text152                        0072AA  000120  0073CA      3955       0  CODE    
                text97                         0073CA  000130  0074FA      39E5       0  CODE    
                text44                         0074FA  000132  00762C      3A7D       0  CODE    
                text132                        00762C  000134  007760      3B16       0  CODE    
                text154                        007760  000146  0078A6      3BB0       0  CODE    
                text151                        0078A6  00015C  007A02      3C53       0  CODE    
                text6                          007A02  000178  007B7A      3D01       0  CODE    
                text2                          007B7A  0001A8  007D22      3DBD       0  CODE    
                mediumconst                    007D22  0002DE  008000      3E91       0  MEDIUMCO
                idloc                          200000  000008  200008    200000       0  IDLOC   
                config                         300000  00000E  30000E    300000       0  CONFIG  


UNUSED ADDRESS RANGES

        Name                Unused          Largest block    Delta
        BANK1            0001DB-0001FF               25
        BANK2            000200-0002FF              100
        BANK3            000300-0003FF              100
        BANK4            000400-0004FF              100
        BANK5            000500-0005FF              100
        BIGRAM           000048-00005F               18
                         0001DB-0005FF              425
        CODE             004000-004C4F              C50
        COMRAM           000048-00005F               18
        CONST            004000-004C4F              C50
        EEDATA           F00000-F000FF              100
        MEDIUMCONST      004000-004C4F              C50
        RAM              0001DB-0005FF              100
        SFR              000F00-000FFF               60
        SMALLCONST       004000-004C4F              100
        STACK            0001DB-0005FF              425

                                  Symbol Table

?_Get_Analog_Channel                                                           cstackCOMRAM 000019
?_Get_Control_Voltage                                                          cstackBANK0  00008A
?_Get_Variables                                                                cstackCOMRAM 00001F
?_Get_Voltage_VL1                                                              cstackCOMRAM 000019
?_Get_Voltage_VL2                                                              cstackCOMRAM 000019
?_Get_Voltage_VL3                                                              cstackCOMRAM 000019
?_Get_Voltage_Vin                                                              cstackCOMRAM 000019
?_LowPass_VL1                                                                  cstackBANK0  00007B
?_LowPass_VL2                                                                  cstackBANK0  00007B
?_LowPass_VL3                                                                  cstackBANK0  00007B
?_LowPass_Vin                                                                  cstackBANK0  00007B
?_PID_Controller                                                               cstackBANK0  00008A
?___aldiv                                                                      cstackCOMRAM 000019
?___almod                                                                      cstackCOMRAM 000019
?___altoft                                                                     cstackCOMRAM 000021
?___awdiv                                                                      cstackCOMRAM 00001F
?___awmod                                                                      cstackCOMRAM 000019
?___ftadd                                                                      cstackBANK0  000060
?___ftdiv                                                                      cstackBANK0  00007B
?___ftmul                                                                      cstackBANK0  00006C
?___ftneg                                                                      cstackCOMRAM 00001C
?___ftpack                                                                     cstackCOMRAM 000019
?___ftsub                                                                      cstackBANK0  00006C
?___fttol                                                                      cstackBANK0  00008A
?___lbtoft                                                                     cstackCOMRAM 000021
?___lldiv                                                                      cstackCOMRAM 000019
?___llmod                                                                      cstackCOMRAM 000026
?___lltoft                                                                     cstackCOMRAM 000021
?___lmul                                                                       cstackCOMRAM 000019
?___lwdiv                                                                      cstackBANK0  000060
?___lwmod                                                                      cstackCOMRAM 000019
?___lwtoft                                                                     cstackCOMRAM 000021
?___wmul                                                                       cstackCOMRAM 000027
?__div_to_l_                                                                   cstackCOMRAM 000019
?__doprnt                                                                      cstackBANK0  000099
?__tdiv_to_l_                                                                  cstackCOMRAM 000019
?_asctime                                                                      cstackBANK0  00006C
?_atof                                                                         cstackBANK0  000095
?_atoi                                                                         cstackCOMRAM 00002D
?_bcdTOint                                                                     cstackCOMRAM 00002D
?_ctime                                                                        cstackBANK0  000073
?_dylen                                                                        cstackCOMRAM 00001E
?_fround                                                                       cstackBANK0  00007B
?_get_LP_RC_Constant                                                           cstackCOMRAM 000019
?_get_PID_Kp                                                                   cstackCOMRAM 000019
?_get_PID_T                                                                    cstackCOMRAM 000019
?_get_PID_Td                                                                   cstackCOMRAM 000019
?_get_PID_Ti                                                                   cstackCOMRAM 000019
?_get_PID_deadband                                                             cstackCOMRAM 000019
?_get_PID_output                                                               cstackCOMRAM 000019
?_get_PID_setpoint                                                             cstackCOMRAM 000019
?_get_VL1_span                                                                 cstackCOMRAM 000019
?_get_VL1_zero                                                                 cstackCOMRAM 000019
?_get_VL2_span                                                                 cstackCOMRAM 000019
?_get_VL2_zero                                                                 cstackCOMRAM 000019
?_get_VL3_span                                                                 cstackCOMRAM 000019
?_get_VL3_zero                                                                 cstackCOMRAM 000019
?_get_Vin_span                                                                 cstackCOMRAM 000019
?_get_Vin_zero                                                                 cstackCOMRAM 000019
?_get_max                                                                      cstackCOMRAM 000019
?_get_max_VL                                                                   cstackCOMRAM 000019
?_get_min                                                                      cstackCOMRAM 000019
?_get_min_VL                                                                   cstackCOMRAM 000019
?_gmtime                                                                       cstackCOMRAM 000027
?_intTObcd                                                                     cstackBANK0  000065
?_isleap                                                                       cstackCOMRAM 00001E
?_localtime                                                                    cstackCOMRAM 00002C
?_mktime                                                                       cstackBANK0  00007F
?_months_to_days                                                               cstackCOMRAM 00002D
?_printf                                                                       cstackBANK0  0000C0
?_scale                                                                        cstackBANK0  00007B
?_sprintf                                                                      cstackBANK0  0000C0
?_strchr                                                                       cstackCOMRAM 000019
?_strcmp                                                                       cstackCOMRAM 000019
?_strcspn                                                                      cstackCOMRAM 00001D
?_strlen                                                                       cstackCOMRAM 000019
?_strspn                                                                       cstackCOMRAM 00001D
?_strtod                                                                       cstackBANK0  00008A
?_strtok                                                                       cstackCOMRAM 000024
?_years_to_days                                                                cstackBANK0  000067
?_ymd_to_scalar                                                                cstackBANK0  00006F
AckI2C@IE_stat                                                                 cstackCOMRAM 000019
Check_VL_N@val                                                                 cstackCOMRAM 000028
Control_Loop@Control_Out                                                       cstackBANK0  000099
Control_Loop@voltage                                                           cstackBANK0  000096
Display_Data@buff_len                                                          cstackBANK1  0001CB
Display_Data@buffer                                                            cstackBANK1  0001B7
Get_Analog_Channel@ADC_data                                                    cstackCOMRAM 00001D
Get_Analog_Channel@channel                                                     cstackCOMRAM 00001C
Get_Control_Voltage@count                                                      cstackBANK0  00008D
Get_Control_Voltage@volt                                                       cstackBANK0  00008E
Get_Variables@data                                                             cstackBANK0  000060
Get_Voltage_Data@check                                                         cstackBANK0  00008A
Get_Voltage_Data@v1                                                            cstackBANK0  00008B
I2C_Send@command                                                               cstackCOMRAM 00001B
LCD_SetBackLight_Brightness@brightness                                         cstackCOMRAM 00001B
LCD_SetContrast@val                                                            cstackCOMRAM 00001B
LCD_SetCursor_Position@column                                                  cstackCOMRAM 00001B
LCD_SetCursor_Position@row                                                     cstackCOMRAM 00001C
LCD_WriteStr@Str                                                               cstackCOMRAM 00001B
LCD_WriteStr@Str_Size                                                          cstackCOMRAM 00001D
LCD_WriteStr@i                                                                 cstackCOMRAM 00001E
LCD_WriteStr@stat                                                              cstackCOMRAM 00001F
LowPass_VL1@Vout                                                               cstackBANK0  000081
LowPass_VL1@val                                                                cstackBANK0  00007B
LowPass_VL2@Vout                                                               cstackBANK0  000081
LowPass_VL2@val                                                                cstackBANK0  00007B
LowPass_VL3@Vout                                                               cstackBANK0  000081
LowPass_VL3@val                                                                cstackBANK0  00007B
LowPass_Vin@Vout                                                               cstackBANK0  000081
LowPass_Vin@val                                                                cstackBANK0  00007B
Not_AckI2C@IE_stat                                                             cstackCOMRAM 000019
OpenI2C@slew                                                                   cstackCOMRAM 000019
OpenI2C@sync_mode                                                              cstackCOMRAM 00001A
OpenUSART@config                                                               cstackCOMRAM 00001B
OpenUSART@spbrg                                                                cstackCOMRAM 000019
Open_Timer0@IE                                                                 cstackCOMRAM 000019
Open_Timer0@config                                                             cstackCOMRAM 00001C
Open_Timer0@data                                                               cstackCOMRAM 00001D
Open_Timer0@value                                                              cstackCOMRAM 00001A
PID_Controller@val                                                             cstackBANK0  00008A
Rd_Digital_Inputs@Port_RD                                                      cstackCOMRAM 000019
Rd_Digital_Inputs@Temp_RD                                                      cstackCOMRAM 00001A
ReadI2C@IE_stat                                                                cstackCOMRAM 000019
ReadStr_I2C@Mod_Addr                                                           cstackCOMRAM 00001F
ReadStr_I2C@Reg_Addr                                                           cstackCOMRAM 00001B
ReadStr_I2C@Str                                                                cstackCOMRAM 00001C
ReadStr_I2C@Str_Size                                                           cstackCOMRAM 00001E
ReadStr_I2C@stat                                                               cstackCOMRAM 000020
RestartI2C@IE_stat                                                             cstackCOMRAM 000019
Save_Variables@data                                                            cstackBANK0  000060
Set_LP_RC_constant@val                                                         cstackCOMRAM 000019
StartI2C@IE_stat                                                               cstackCOMRAM 000019
StopI2C@IE_stat                                                                cstackCOMRAM 000019
TimerInt@stat                                                                  cstackCOMRAM 000018
WriteI2C@IE_stat                                                               cstackCOMRAM 00001A
WriteI2C@data_out                                                              cstackCOMRAM 000019
WriteIO5R@bits                                                                 cstackCOMRAM 000021
WriteIO5R@data                                                                 cstackCOMRAM 000019
WriteIO5R@temp                                                                 cstackCOMRAM 00001D
WriteStr_I2C@Mod_Addr                                                          cstackCOMRAM 000020
WriteStr_I2C@Reg_Addr                                                          cstackCOMRAM 00001B
WriteStr_I2C@Str                                                               cstackCOMRAM 00001C
WriteStr_I2C@Str_Size                                                          cstackCOMRAM 00001E
WriteStr_I2C@i                                                                 cstackCOMRAM 00001F
WriteStr_I2C@stat                                                              cstackCOMRAM 000021
_ADCON0                                                                        (abs)        000FC2
_ADCON0bits                                                                    (abs)        000FC2
_ADCON1                                                                        (abs)        000FC1
_ADRESH                                                                        (abs)        000FC4
_ADRESL                                                                        (abs)        000FC3
_AckI2C                                                                        text35       00500A
_Check_VL_N                                                                    text96       0058EC
_CloseI2C                                                                      text144      004C52
_Control_Loop                                                                  text146      006966
_DDRCbits                                                                      (abs)        000F94
_Display_Data                                                                  text117      003914
_EEADR                                                                         (abs)        000FA9
_EECON1bits                                                                    (abs)        000FA6
_EECON2                                                                        (abs)        000FA7
_EEDATA                                                                        (abs)        000FA8
_Get_Analog_Channel                                                            text95       0054B0
_Get_Control_Voltage                                                           text152      0072AA
_Get_Variables                                                                 text97       0073CA
_Get_Voltage_Data                                                              text89       0016E6
_Get_Voltage_VL1                                                               text159      004C74
_Get_Voltage_VL2                                                               text158      004C86
_Get_Voltage_VL3                                                               text157      004C98
_Get_Voltage_Vin                                                               text145      004CBC
_I2C_Send                                                                      text88       005390
_INTCON                                                                        (abs)        000FF2
_INTCONbits                                                                    (abs)        000FF2
_IdleI2C                                                                       text143      0050F0
_Inputs                                                                        bssBANK0     0000FD
_Int_Flag                                                                      bssBANK0     0000FB
_Kp                                                                            bssBANK1     00011C
_LATCbits                                                                      (abs)        000F8B
_LCD_Clear                                                                     text87       004C5A
_LCD_SetBackLight_Brightness                                                   text20       005530
_LCD_SetContrast                                                               text19       005570
_LCD_SetCursor_Position                                                        text137      005714
_LCD_WriteStr                                                                  text136      005FA4
_LowPass_VL1                                                                   text94       006432
_LowPass_VL1$3548                                                              cstackBANK0  00007E
_LowPass_VL2                                                                   text93       0064EE
_LowPass_VL2$3549                                                              cstackBANK0  00007E
_LowPass_VL3                                                                   text92       0065AA
_LowPass_VL3$3550                                                              cstackBANK0  00007E
_LowPass_Vin                                                                   text91       006666
_LowPass_Vin$3551                                                              cstackBANK0  00007E
_Manual_Control                                                                text85       004FD6
_Not_AckI2C                                                                    text34       005026
_OpenADC                                                                       text84       004C66
_OpenI2C                                                                       text142      0050CE
_OpenIO5R                                                                      text82       00532A
_OpenUSART                                                                     text81       005B76
_Open_Timer0                                                                   text80       0052A0
_Outputs                                                                       bssBANK0     0000E8
_PID_Controller                                                                text149      003DA4
_PID_Controller$3552                                                           cstackBANK0  00008D
_PID_Controller$3553                                                           cstackBANK0  000090
_PID_Controller$3554                                                           cstackBANK0  000093
_PIE1bits                                                                      (abs)        000F9D
_PIR1bits                                                                      (abs)        000F9E
_PIR2bits                                                                      (abs)        000FA1
_PORTB                                                                         (abs)        000F81
_RCIE                                                                          (abs)        007CED
_RCIF                                                                          (abs)        007CF5
_RCREG                                                                         (abs)        000FAE
_RCSTA                                                                         (abs)        000FAB
_RCSTAbits                                                                     (abs)        000FAB
_Rd_Digital_Inputs                                                             text79       00515C
_ReadI2C                                                                       text33       005042
_ReadStr_I2C                                                                   text31       006E9E
_RestartI2C                                                                    text32       004FF0
_SPBRG                                                                         (abs)        000FAF
_SSPADD                                                                        (abs)        000FC8
_SSPBUF                                                                        (abs)        000FC9
_SSPCON1                                                                       (abs)        000FC6
_SSPCON1bits                                                                   (abs)        000FC6
_SSPCON2                                                                       (abs)        000FC5
_SSPCON2bits                                                                   (abs)        000FC5
_SSPSTAT                                                                       (abs)        000FC7
_SSPSTATbits                                                                   (abs)        000FC7
_Save_Variables                                                                text44       0074FA
_Set_LP_RC_constant                                                            text116      004D04
_StartI2C                                                                      text141      004FA2
_StopI2C                                                                       text140      004FBC
_T0CON                                                                         (abs)        000FD5
_TMR0H                                                                         (abs)        000FD7
_TMR0IE                                                                        (abs)        007F95
_TMR0IF                                                                        (abs)        007F92
_TMR0L                                                                         (abs)        000FD6
_TRISA                                                                         (abs)        000F92
_TRISB                                                                         (abs)        000F93
_TRISBbits                                                                     (abs)        000F93
_TRISC                                                                         (abs)        000F94
_TRISCbits                                                                     (abs)        000F94
_TXIE                                                                          (abs)        007CEC
_TXIF                                                                          (abs)        007CF4
_TXREG                                                                         (abs)        000FAD
_TXSTA                                                                         (abs)        000FAC
_TXSTAbits                                                                     (abs)        000FAC
_T_sample                                                                      bssBANK0     0000EF
_TimerInt                                                                      intcode      000008
_VL1                                                                           bssCOMRAM    00003B
_VL1_last                                                                      bssBANK1     000149
_VL1_span                                                                      bssBANK1     000134
_VL1_zero                                                                      bssBANK0     0000F2
_VL2                                                                           bssCOMRAM    000038
_VL2_last                                                                      bssBANK1     000146
_VL2_span                                                                      bssBANK1     000131
_VL2_zero                                                                      bssBANK1     00013D
_VL3                                                                           bssCOMRAM    000035
_VL3_last                                                                      bssBANK1     000143
_VL3_span                                                                      bssBANK1     00012E
_VL3_zero                                                                      bssBANK1     00013A
_VL_max                                                                        bssBANK1     000128
_VL_min                                                                        bssBANK1     000125
_Vin                                                                           bssCOMRAM    000032
_Vin_Span                                                                      bssBANK1     00012B
_Vin_last                                                                      bssBANK1     000140
_Vin_zero                                                                      bssBANK1     000137
_Wait_AckI2C                                                                   text139      004F7A
_WriteI2C                                                                      text138      005274
_WriteIO5R                                                                     text83       003F7C
_WriteStr_I2C                                                                  text12       005C4A
__CFG_BOR$OFF                                                                  (abs)        000000
__CFG_BORV$25                                                                  (abs)        000000
__CFG_CP0$OFF                                                                  (abs)        000000
__CFG_CP1$OFF                                                                  (abs)        000000
__CFG_CP2$OFF                                                                  (abs)        000000
__CFG_CP3$OFF                                                                  (abs)        000000
__CFG_CPB$OFF                                                                  (abs)        000000
__CFG_CPD$OFF                                                                  (abs)        000000
__CFG_EBTR0$OFF                                                                (abs)        000000
__CFG_EBTR1$OFF                                                                (abs)        000000
__CFG_EBTR2$OFF                                                                (abs)        000000
__CFG_EBTR3$OFF                                                                (abs)        000000
__CFG_EBTRB$OFF                                                                (abs)        000000
__CFG_LVP$OFF                                                                  (abs)        000000
__CFG_OSC$HS                                                                   (abs)        000000
__CFG_OSCS$OFF                                                                 (abs)        000000
__CFG_PWRT$ON                                                                  (abs)        000000
__CFG_STVR$ON                                                                  (abs)        000000
__CFG_WDT$OFF                                                                  (abs)        000000
__CFG_WDTPS$128                                                                (abs)        000000
__CFG_WRT0$OFF                                                                 (abs)        000000
__CFG_WRT1$OFF                                                                 (abs)        000000
__CFG_WRT2$OFF                                                                 (abs)        000000
__CFG_WRT3$OFF                                                                 (abs)        000000
__CFG_WRTB$OFF                                                                 (abs)        000000
__CFG_WRTC$OFF                                                                 (abs)        000000
__CFG_WRTD$OFF                                                                 (abs)        000000
__HRAM                                                                         (abs)        000000
__Habs1                                                                        abs1         000000
[...]
      Totals:         8       0       0       0       0       0       0
Total ram usage:        8 bytes
 Hardware stack levels used:    1
 Hardware stack levels required when called:    1
 This function calls:
		Nothing
 This function is called by:
		___altoft
		___ftadd
		___ftdiv
		___ftmul
		___lbtoft
		___lltoft
		___lwtoft
 This function uses a non-reentrant model


 *************** function _Get_Voltage_VL3 *****************
 Defined at:
		line 133 in file "Get_Voltages.c"
 Parameters:    Size  Location     Type
		None
 Auto vars:     Size  Location     Type
		None
 Return value:  Size  Location     Type
                  3   24[COMRAM] float 
 Registers used:
		None
 Tracked objects:
		On entry : 
		On exit  : 
		Unchanged: 
 Data sizes:     COMRAM   BANK0   BANK1   BANK2   BANK3   BANK4   BANK5
      Params:         3       0       0       0       0       0       0
      Locals:         0       0       0       0       0       0       0
      Temps:          0       0       0       0       0       0       0
      Totals:         3       0       0       0       0       0       0
Total ram usage:        3 bytes
 Hardware stack levels used:    1
 Hardware stack levels required when called:    1
 This function calls:
		Nothing
 This function is called by:
		_Get_Control_Voltage
		_Display_Data
 This function uses a non-reentrant model


 *************** function _Get_Voltage_VL2 *****************
 Defined at:
		line 127 in file "Get_Voltages.c"
 Parameters:    Size  Location     Type
		None
 Auto vars:     Size  Location     Type
		None
 Return value:  Size  Location     Type
                  3   24[COMRAM] float 
 Registers used:
		None
 Tracked objects:
		On entry : 
		On exit  : 
		Unchanged: 
 Data sizes:     COMRAM   BANK0   BANK1   BANK2   BANK3   BANK4   BANK5
      Params:         3       0       0       0       0       0       0
      Locals:         0       0       0       0       0       0       0
      Temps:          0       0       0       0       0       0       0
      Totals:         3       0       0       0       0       0       0
Total ram usage:        3 bytes
 Hardware stack levels used:    1
 Hardware stack levels required when called:    1
 This function calls:
		Nothing
 This function is called by:
		_Get_Control_Voltage
		_Display_Data
 This function uses a non-reentrant model


 *************** function _Get_Voltage_VL1 *****************
 Defined at:
		line 121 in file "Get_Voltages.c"
 Parameters:    Size  Location     Type
		None
 Auto vars:     Size  Location     Type
		None
 Return value:  Size  Location     Type
                  3   24[COMRAM] float 
 Registers used:
		None
 Tracked objects:
		On entry : 
		On exit  : 
		Unchanged: 
 Data sizes:     COMRAM   BANK0   BANK1   BANK2   BANK3   BANK4   BANK5
      Params:         3       0       0       0       0       0       0
      Locals:         0       0       0       0       0       0       0
      Temps:          0       0       0       0       0       0       0
      Totals:         3       0       0       0       0       0       0
Total ram usage:        3 bytes
 Hardware stack levels used:    1
 Hardware stack levels required when called:    1
 This function calls:
		Nothing
 This function is called by:
		_Get_Control_Voltage
		_Display_Data
 This function uses a non-reentrant model


 *************** function _TimerInt *****************
 Defined at:
		line 395 in file "main.c"
 Parameters:    Size  Location     Type
		None
 Auto vars:     Size  Location     Type
  stat            1   23[COMRAM] unsigned char 
 Return value:  Size  Location     Type
                  1    wreg      void 
 Registers used:
		wreg, fsr2l, fsr2h, status,2, status,0, prodl, prodh
 Tracked objects:
		On entry : 
		On exit  : 
		Unchanged: 
 Data sizes:     COMRAM   BANK0   BANK1   BANK2   BANK3   BANK4   BANK5
      Params:         0       0       0       0       0       0       0
      Locals:         1       0       0       0       0       0       0
      Temps:         23       0       0       0       0       0       0
      Totals:        24       0       0       0       0       0       0
Total ram usage:       24 bytes
 Hardware stack levels used:    1
 This function calls:
		Nothing
 This function is called by:
		Interrupt level 2
 This function uses a non-reentrant model



MODULE INFORMATION

Module		Function		Class		Link	Load	Size
USART.c
		_OpenUSART     		CODE           	5B76	0000	105
		_putch         		CODE           	4CF2	0000	19

USART.c estimated size: 124

C:\Program Files (x86)\Microchip\xc8\v1.43\sources\common\atof.c
		_atof          		CODE           	524A	0000	43
		_strtod        		CODE           	2070	0000	1171

C:\Program Files (x86)\Microchip\xc8\v1.43\sources\common\atof.c estimated size: 1214

C:\Program Files (x86)\Microchip\xc8\v1.43\sources\common\mktime.c
		_mktime        		CODE           	2F1A	0000	649
		_isleap        		CODE           	5B12	0000	101
		_months_to_days		CODE           	54F0	0000	65
		_ymd_to_scalar 		CODE           	6CC8	0000	227
		_years_to_days 		CODE           	6A38	0000	213

C:\Program Files (x86)\Microchip\xc8\v1.43\sources\common\mktime.c estimated size: 1255

C:\Program Files (x86)\Microchip\xc8\v1.43\sources\common\Umul32.c
		___lmul        		CODE           	5A50	0000	95

C:\Program Files (x86)\Microchip\xc8\v1.43\sources\common\Umul32.c estimated size: 95

C:\Program Files (x86)\Microchip\xc8\v1.43\sources\common\fldivl.c
		__div_to_l_    		CODE           	7090	0000	265

C:\Program Files (x86)\Microchip\xc8\v1.43\sources\common\fldivl.c estimated size: 265

C:\Program Files (x86)\Microchip\xc8\v1.43\sources\common\ftmul.c
		___ftmul       		CODE           	78A6	0000	349

C:\Program Files (x86)\Microchip\xc8\v1.43\sources\common\ftmul.c estimated size: 349

C:\Program Files (x86)\Microchip\xc8\v1.43\sources\common\isdigit.c
		_isdigit       		CODE           	5114	0000	37

C:\Program Files (x86)\Microchip\xc8\v1.43\sources\common\isdigit.c estimated size: 37

C:\Program Files (x86)\Microchip\xc8\v1.43\sources\common\ftdiv.c
		___ftdiv       		CODE           	7760	0000	327

C:\Program Files (x86)\Microchip\xc8\v1.43\sources\common\ftdiv.c estimated size: 327

C:\Program Files (x86)\Microchip\xc8\v1.43\sources\common\almod.c
		___almod       		CODE           	6722	0000	193

C:\Program Files (x86)\Microchip\xc8\v1.43\sources\common\almod.c estimated size: 193

C:\Program Files (x86)\Microchip\xc8\v1.43\sources\common\ftge.c
		___ftge        		CODE           	62F4	0000	157

C:\Program Files (x86)\Microchip\xc8\v1.43\sources\common\ftge.c estimated size: 157

InitVariables.c
		_Save_Variables		CODE           	74FA	0000	307
		_Get_Variables 		CODE           	73CA	0000	305

InitVariables.c estimated size: 612

C:\Program Files (x86)\Microchip\xc8\v1.43\sources\common\lwdiv.c
		___lwdiv       		CODE           	602A	0000	135

C:\Program Files (x86)\Microchip\xc8\v1.43\sources\common\lwdiv.c estimated size: 135

LCD2S.c
		_LCD_SetBackLight_Brightness		CODE           	5530	0000	65
		_LCD_Clear     		CODE           	4C5A	0000	13
		_I2C_Send      		CODE           	5390	0000	55
		_LCD_SetCursor_Position		CODE           	5714	0000	75
		_LCD_SetContrast		CODE           	5570	0000	65
		_LCD_WriteStr  		CODE           	5FA4	0000	135

LCD2S.c estimated size: 408

C:\Program Files (x86)\Microchip\xc8\v1.43\sources\common\awdiv.c
		___awdiv       		CODE           	625C	0000	153

C:\Program Files (x86)\Microchip\xc8\v1.43\sources\common\awdiv.c estimated size: 153

C:\Program Files (x86)\Microchip\xc8\v1.43\sources\common\strlen.c
		_strlen        		CODE           	56CC	0000	73

C:\Program Files (x86)\Microchip\xc8\v1.43\sources\common\strlen.c estimated size: 73

C:\Program Files (x86)\Microchip\xc8\v1.43\sources\common\strcmp.c
		_strcmp        		CODE           	5898	0000	85

C:\Program Files (x86)\Microchip\xc8\v1.43\sources\common\strcmp.c estimated size: 85

C:\Program Files (x86)\Microchip\xc8\v1.43\sources\common\strchr.c
		_strchr        		CODE           	5684	0000	73

C:\Program Files (x86)\Microchip\xc8\v1.43\sources\common\strchr.c estimated size: 73

C:\Program Files (x86)\Microchip\xc8\v1.43\sources\common\strcspn.c
		_strcspn       		CODE           	599C	0000	91

C:\Program Files (x86)\Microchip\xc8\v1.43\sources\common\strcspn.c estimated size: 91

i2c_FRM.c
		_IdleI2C       		CODE           	50F0	0000	37
		_Not_AckI2C    		CODE           	5026	0000	29
		_Wait_AckI2C   		CODE           	4F7A	0000	21
		_AckI2C        		CODE           	500A	0000	29
		_ReadStr_I2C   		CODE           	6E9E	0000	247
		_CloseI2C      		CODE           	4C52	0000	9
		_StopI2C       		CODE           	4FBC	0000	27
		_WriteStr_I2C  		CODE           	5C4A	0000	113
		_ReadI2C       		CODE           	5042	0000	29
		_RestartI2C    		CODE           	4FF0	0000	27
		_WriteI2C      		CODE           	5274	0000	45
		_StartI2C      		CODE           	4FA2	0000	27
		_OpenI2C       		CODE           	50CE	0000	35

i2c_FRM.c estimated size: 675

C:\Program Files (x86)\Microchip\xc8\v1.43\sources\common\lldiv.c
		___lldiv       		CODE           	613A	0000	145

C:\Program Files (x86)\Microchip\xc8\v1.43\sources\common\lldiv.c estimated size: 145

C:\Program Files (x86)\Microchip\xc8\v1.43\sources\common\lbtoft.c
		___lbtoft      		CODE           	51A6	0000	41

C:\Program Files (x86)\Microchip\xc8\v1.43\sources\common\lbtoft.c estimated size: 41

C:\Program Files (x86)\Microchip\xc8\v1.43\sources\common\altoft.c
		___altoft      		CODE           	5EA0	0000	129

C:\Program Files (x86)\Microchip\xc8\v1.43\sources\common\altoft.c estimated size: 129

Get_Voltages.c
		_set_VL2_span  		CODE           	4D94	0000	19
		_set_VL2_zero  		CODE           	4DA6	0000	19
		_get_min       		CODE           	4CE0	0000	19
		_get_min_VL    		CODE           	4F32	0000	19
		_Check_VL_N    		CODE           	58EC	0000	87
		_get_Vin_span  		CODE           	4EFC	0000	19
		_get_Vin_zero  		CODE           	4F0E	0000	19
		_get_max       		CODE           	4CCE	0000	19
		_set_min       		CODE           	4F68	0000	19
		_get_max_VL    		CODE           	4F20	0000	19
		_set_min_VL    		CODE           	4E12	0000	19
		_get_VL1_span  		CODE           	4E90	0000	19
		_get_VL1_zero  		CODE           	4EA2	0000	19
		_set_Vin_span  		CODE           	4DDC	0000	19
		_set_Vin_zero  		CODE           	4DEE	0000	19
		_set_max       		CODE           	4F56	0000	19
		_set_max_VL    		CODE           	4E00	0000	19
		_Get_Control_Voltage		CODE           	72AA	0000	289
		_set_VL1_span  		CODE           	4D70	0000	19
		_set_VL1_zero  		CODE           	4D82	0000	19
		_Get_Voltage_Data		CODE           	16E6	0000	1227
		_get_VL3_span  		CODE           	4ED8	0000	19
		_get_VL3_zero  		CODE           	4EEA	0000	19
		_set_VL3_span  		CODE           	4DB8	0000	19
		_set_VL3_zero  		CODE           	4DCA	0000	19
		_Get_Voltage_VL1		CODE           	4C74	0000	19
		_Get_Voltage_VL2		CODE           	4C86	0000	19
		_Get_Voltage_VL3		CODE           	4C98	0000	19
		_get_VL2_span  		CODE           	4EB4	0000	19
		_get_VL2_zero  		CODE           	4EC6	0000	19
		_Get_Voltage_Vin		CODE           	4CBC	0000	19

Get_Voltages.c estimated size: 2135

C:\Program Files (x86)\Microchip\xc8\v1.43\sources\common\sprintf.c
		_sprintf       		CODE           	5E20	0000	129

C:\Program Files (x86)\Microchip\xc8\v1.43\sources\common\sprintf.c estimated size: 129

C:\Program Files (x86)\Microchip\xc8\v1.43\sources\common\ctime.c
		_gmtime        		CODE           	3B6A	0000	571
		_ctime         		CODE           	5180	0000	39
		_localtime     		CODE           	61CA	0000	147
		_dylen         		CODE           	5BDE	0000	109

C:\Program Files (x86)\Microchip\xc8\v1.43\sources\common\ctime.c estimated size: 866

Timers.c
		_Open_Timer0   		CODE           	52A0	0000	47

Timers.c estimated size: 47

C:\Program Files (x86)\Microchip\xc8\v1.43\sources\common\fttol.c
		___fttol       		CODE           	762C	0000	309

C:\Program Files (x86)\Microchip\xc8\v1.43\sources\common\fttol.c estimated size: 309

C:\Program Files (x86)\Microchip\xc8\v1.43\sources\common\doprnt.c
		_scale         		CODE           	2502	0000	1123
		_fround        		CODE           	3424	0000	643
		__doprnt       		CODE           	01B6	0000	3889

C:\Program Files (x86)\Microchip\xc8\v1.43\sources\common\doprnt.c estimated size: 5655

C:\Program Files (x86)\Microchip\xc8\v1.43\sources\common\atoi.c
		_atoi          		CODE           	6F94	0000	253

C:\Program Files (x86)\Microchip\xc8\v1.43\sources\common\atoi.c estimated size: 253

C:\Program Files (x86)\Microchip\xc8\v1.43\sources\common\lwtoft.c
		___lwtoft      		CODE           	51CE	0000	41

C:\Program Files (x86)\Microchip\xc8\v1.43\sources\common\lwtoft.c estimated size: 41

C:\Program Files (x86)\Microchip\xc8\v1.43\sources\common\lltoft.c
		___lltoft      		CODE           	5AAE	0000	101

C:\Program Files (x86)\Microchip\xc8\v1.43\sources\common\lltoft.c estimated size: 101

ior5e.c
		_Rd_Digital_Inputs		CODE           	515C	0000	37
		_OpenIO5R      		CODE           	532A	0000	51
		_Get_Analog_Channel		CODE           	54B0	0000	65
		_WriteIO5R     		CODE           	3F7C	0000	133
		_OpenADC       		CODE           	4C66	0000	15

ior5e.c estimated size: 301

C:\Program Files (x86)\Microchip\xc8\v1.43\sources\common\ftadd.c
		___ftadd       		CODE           	2C8A	0000	657

C:\Program Files (x86)\Microchip\xc8\v1.43\sources\common\ftadd.c estimated size: 657

C:\Program Files (x86)\Microchip\xc8\v1.43\sources\common\strspn.c
		_strspn        		CODE           	59F6	0000	91

C:\Program Files (x86)\Microchip\xc8\v1.43\sources\common\strspn.c estimated size: 91

C:\Program Files (x86)\Microchip\xc8\v1.43\sources\common\aldiv.c
		___aldiv       		CODE           	6BE8	0000	225

C:\Program Files (x86)\Microchip\xc8\v1.43\sources\common\aldiv.c estimated size: 225

shared
		__powers_      		MEDIUMCONST    	7D4B	0000	40
		_moninit       		MEDIUMCONST    	7D99	0000	13
		_dpowers       		MEDIUMCONST    	7D23	0000	41
		__npowers_     		MEDIUMCONST    	7D72	0000	40
		__initialization		CODE           	575E	0000	61

shared estimated size: 195

DS1307.c
		_set_date      		CODE           	5096	0000	29
		_bcdTOint      		CODE           	5942	0000	91
		_intTObcd      		CODE           	6390	0000	163
		_get_time      		CODE           	507A	0000	29
		_set_time      		CODE           	50B2	0000	29
		_get_date      		CODE           	505E	0000	29
		_time          		CODE           	6B0C	0000	221

DS1307.c estimated size: 591

C:\Program Files (x86)\Microchip\xc8\v1.43\sources\common\lbdiv.c
		___lbdiv       		CODE           	563C	0000	73

C:\Program Files (x86)\Microchip\xc8\v1.43\sources\common\lbdiv.c estimated size: 73

C:\Program Files (x86)\Microchip\xc8\v1.43\sources\common\asctime.c
		_put2d         		CODE           	5D2E	0000	119
		_asctime       		CODE           	36A6	0000	623

C:\Program Files (x86)\Microchip\xc8\v1.43\sources\common\asctime.c estimated size: 742

Commands.c
		_read_command  		CODE           	7B7A	0000	425
		_date_set      		CODE           	7A02	0000	377
		_lcd_display   		CODE           	5DA4	0000	125
		_cal_analog    		CODE           	31A2	0000	643
		_get_list      		CODE           	10E6	0000	1537
		_time_set      		CODE           	6DAA	0000	245
		_set_list      		CODE           	2964	0000	807
		_reset_var     		CODE           	60B0	0000	139

Commands.c estimated size: 4298

C:\Program Files (x86)\Microchip\xc8\v1.43\sources\common\ftdivl.c
		__tdiv_to_l_   		CODE           	7198	0000	275

C:\Program Files (x86)\Microchip\xc8\v1.43\sources\common\ftdivl.c estimated size: 275

C:\Program Files (x86)\Microchip\xc8\v1.43\sources\common\ftneg.c
		___ftneg       		CODE           	51F6	0000	43

C:\Program Files (x86)\Microchip\xc8\v1.43\sources\common\ftneg.c estimated size: 43

C:\Program Files (x86)\Microchip\xc8\v1.43\sources\common\Umul16.c
		___wmul        		CODE           	5220	0000	43

C:\Program Files (x86)\Microchip\xc8\v1.43\sources\common\Umul16.c estimated size: 43

C:\Program Files (x86)\Microchip\xc8\v1.43\sources\common\ftsub.c
		___ftsub       		CODE           	5846	0000	83

C:\Program Files (x86)\Microchip\xc8\v1.43\sources\common\ftsub.c estimated size: 83

C:\Program Files (x86)\Microchip\xc8\v1.43\sources\common\float.c
		___ftpack      		CODE           	68A2	0000	197

C:\Program Files (x86)\Microchip\xc8\v1.43\sources\common\float.c estimated size: 197

PID_Controller.c
		_get_PID_T     		CODE           	4E48	0000	19
		_get_PID_Td    		CODE           	4E5A	0000	19
		_get_PID_Ti    		CODE           	4E6C	0000	19
		_get_PID_Kp    		CODE           	4E36	0000	19
		_get_PID_deadband		CODE           	4CAA	0000	19
		_PID_Controller		CODE           	3DA4	0000	473
		_set_PID_T     		CODE           	4D4C	0000	19
		_set_PID_Kd    		CODE           	4D28	0000	19
		_set_PID_Ki    		CODE           	4D3A	0000	19
		_set_PID_Kp    		CODE           	5138	0000	37
		_get_PID_setpoint		CODE           	4E7E	0000	19
		_get_PID_output		CODE           	4F44	0000	19
		_set_PID_setpoint		CODE           	4D5E	0000	19
		_reset_PID     		CODE           	53FC	0000	61
		_set_Deadband  		CODE           	4D16	0000	19

PID_Controller.c estimated size: 799

C:\Program Files (x86)\Microchip\xc8\v1.43\sources\common\lwmod.c
		___lwmod       		CODE           	57F6	0000	81

C:\Program Files (x86)\Microchip\xc8\v1.43\sources\common\lwmod.c estimated size: 81

main.c
		_Control_Loop  		CODE           	6966	0000	211
		_check_V1_status		CODE           	55B0	0000	69
		_check_V2_status		CODE           	5438	0000	61
		_check_V3_status		CODE           	5474	0000	61
		_Manual_Control		CODE           	4FD6	0000	27
		_main          		CODE           	1BB0	0000	1217
		_check_start_flag		CODE           	55F4	0000	73
		_Display_Data  		CODE           	3914	0000	599
		_TimerInt      		CODE           	0008	0000	427

main.c estimated size: 2745

EEprom.c
		_rd_byte_EE    		CODE           	4F8E	0000	21
		_wr_string_EE  		CODE           	53C6	0000	55
		_wr_byte_EE    		CODE           	52CE	0000	47
		_rd_string_EE  		CODE           	535C	0000	53

EEprom.c estimated size: 176

C:\Program Files (x86)\Microchip\xc8\v1.43\sources\common\isspace.c
		_isspace       		CODE           	52FC	0000	47

C:\Program Files (x86)\Microchip\xc8\v1.43\sources\common\isspace.c estimated size: 47

C:\Program Files (x86)\Microchip\xc8\v1.43\sources\common\awmod.c
		___awmod       		CODE           	5F20	0000	133

C:\Program Files (x86)\Microchip\xc8\v1.43\sources\common\awmod.c estimated size: 133

Filters.c
		_Set_LP_RC_constant		CODE           	4D04	0000	19
		_get_LP_RC_Constant		CODE           	4E24	0000	19
		_LowPass_VL1   		CODE           	6432	0000	189
		_LowPass_VL2   		CODE           	64EE	0000	189
		_LowPass_VL3   		CODE           	65AA	0000	189
		_LowPass_Vin   		CODE           	6666	0000	189

Filters.c estimated size: 794

C:\Program Files (x86)\Microchip\xc8\v1.43\sources\common\strtok.c
		_strtok        		CODE           	67E2	0000	193

C:\Program Files (x86)\Microchip\xc8\v1.43\sources\common\strtok.c estimated size: 193

C:\Program Files (x86)\Microchip\xc8\v1.43\sources\common\llmod.c
		___llmod       		CODE           	5CBA	0000	117

C:\Program Files (x86)\Microchip\xc8\v1.43\sources\common\llmod.c estimated size: 117

C:\Program Files (x86)\Microchip\xc8\v1.43\sources\common\printf.c
		_printf        		CODE           	57A8	0000	79

C:\Program Files (x86)\Microchip\xc8\v1.43\sources\common\printf.c estimated size: 79

